<?xml version="1.0" encoding="UTF-8"?>
<TestRun id="ff3ae288-cefc-45cf-81b6-ba8a83997e19" name="Danial@DANIAL-ASUS 2014-07-01 12:24:57" runUser="DANIAL-ASUS\Danial" xmlns="http://microsoft.com/schemas/VisualStudio/TeamTest/2010">
  <TestSettings name="Local" id="f4099e50-5f7e-4d66-893f-f079ed6f6c67">
    <Description>These are default test settings for a local test run.</Description>
    <Deployment enabled="false" runDeploymentRoot="Danial_DANIAL-ASUS 2014-07-01 12_24_57">
      <DeploymentItem filename="C:\Users\Danial\Documents\GitHub\RPG\Assemblies\RPG.RollDice.dll" />
      <DeploymentItem filename="C:\Users\Danial\Documents\GitHub\RPG\Assemblies\RPG.exe" />
      <DeploymentItem filename="C:\Users\Danial\Documents\GitHub\RPG\Assemblies\RPG.Character.dll" />
      <DeploymentItem filename="C:\Users\Danial\Documents\GitHub\RPG\Assemblies\RPG.General.dll" />
    </Deployment>
    <Execution>
      <TestTypeSpecific />
      <AgentRule name="Execution Agents">
      </AgentRule>
    </Execution>
  </TestSettings>
  <Times creation="2014-07-01T12:24:57.7231900-05:00" queuing="2014-07-01T12:25:04.6928347-05:00" start="2014-07-01T12:25:05.1401333-05:00" finish="2014-07-01T12:25:06.6601469-05:00" />
  <ResultSummary outcome="Error">
    <Counters total="14" executed="1" error="0" failed="0" timeout="0" aborted="1" inconclusive="0" passedButRunAborted="0" notRunnable="0" notExecuted="13" disconnected="0" warning="0" passed="0" completed="0" inProgress="0" pending="0" />
    <RunInfos>
      <RunInfo computerName="DANIAL-ASUS" outcome="Error" timestamp="2014-07-01T12:25:06.6541429-05:00">
        <Text>Test host process exited unexpectedly.</Text>
      </RunInfo>
    </RunInfos>
  </ResultSummary>
  <TestDefinitions>
    <UnitTest name="GetDiceTest" storage="c:\users\danial\documents\github\rpg\assemblies\rpgtest.dll" id="10b46630-64c7-73ea-8b02-70979e2ebebb">
      <Execution id="de1badd6-2898-41a3-9b6f-4adcd95d0f9d" />
      <TestMethod codeBase="C:/Users/Danial/Documents/GitHub/RPG/Assemblies/RPGTest.DLL" adapterTypeName="Microsoft.VisualStudio.TestTools.TestTypes.Unit.UnitTestAdapter, Microsoft.VisualStudio.QualityTools.Tips.UnitTest.Adapter, Version=10.0.0.0, Culture=neutral, PublicKeyToken=b03f5f7f11d50a3a" className="DiceTest.DiceTest, RPGTest, Version=1.0.0.0, Culture=neutral, PublicKeyToken=null" name="GetDiceTest" />
    </UnitTest>
    <UnitTest name="DieConstructorTest1" storage="c:\users\danial\documents\github\rpg\assemblies\rpgtest.dll" id="c99d32b0-3647-8020-20e0-20dc007a0a3d">
      <Execution id="3cfb815f-288e-4638-8ea2-8edc30949dec" />
      <TestMethod codeBase="C:/Users/Danial/Documents/GitHub/RPG/Assemblies/RPGTest.DLL" adapterTypeName="Microsoft.VisualStudio.TestTools.TestTypes.Unit.UnitTestAdapter, Microsoft.VisualStudio.QualityTools.Tips.UnitTest.Adapter, Version=10.0.0.0, Culture=neutral, PublicKeyToken=b03f5f7f11d50a3a" className="RPGTest.DieTest, RPGTest, Version=1.0.0.0, Culture=neutral, PublicKeyToken=null" name="DieConstructorTest1" />
    </UnitTest>
    <UnitTest name="RollTest" storage="c:\users\danial\documents\github\rpg\assemblies\rpgtest.dll" id="707e507e-fd17-e1bf-275c-0ded5128e2a2">
      <Execution id="1b4c9a75-0f0e-4a66-a4eb-af68d51129de" />
      <TestMethod codeBase="C:/Users/Danial/Documents/GitHub/RPG/Assemblies/RPGTest.DLL" adapterTypeName="Microsoft.VisualStudio.TestTools.TestTypes.Unit.UnitTestAdapter, Microsoft.VisualStudio.QualityTools.Tips.UnitTest.Adapter, Version=10.0.0.0, Culture=neutral, PublicKeyToken=b03f5f7f11d50a3a" className="RPGTest.DieTest, RPGTest, Version=1.0.0.0, Culture=neutral, PublicKeyToken=null" name="RollTest" />
    </UnitTest>
    <UnitTest name="DiceConstructorTest1" storage="c:\users\danial\documents\github\rpg\assemblies\rpgtest.dll" id="2b22852c-b229-a3df-f670-e43eef830035">
      <Execution id="0f5f5249-e139-44ff-9fbb-3dea164d1a27" />
      <TestMethod codeBase="C:/Users/Danial/Documents/GitHub/RPG/Assemblies/RPGTest.DLL" adapterTypeName="Microsoft.VisualStudio.TestTools.TestTypes.Unit.UnitTestAdapter, Microsoft.VisualStudio.QualityTools.Tips.UnitTest.Adapter, Version=10.0.0.0, Culture=neutral, PublicKeyToken=b03f5f7f11d50a3a" className="DiceTest.DiceTest, RPGTest, Version=1.0.0.0, Culture=neutral, PublicKeyToken=null" name="DiceConstructorTest1" />
    </UnitTest>
    <UnitTest name="NumDiceTest" storage="c:\users\danial\documents\github\rpg\assemblies\rpgtest.dll" id="077ad45b-ab74-42ef-0b4b-0c2d5cd35adc">
      <Execution id="22827c6c-3222-4d80-9031-9dd0720cd46a" />
      <TestMethod codeBase="C:/Users/Danial/Documents/GitHub/RPG/Assemblies/RPGTest.DLL" adapterTypeName="Microsoft.VisualStudio.TestTools.TestTypes.Unit.UnitTestAdapter, Microsoft.VisualStudio.QualityTools.Tips.UnitTest.Adapter, Version=10.0.0.0, Culture=neutral, PublicKeyToken=b03f5f7f11d50a3a" className="DiceTest.DiceTest, RPGTest, Version=1.0.0.0, Culture=neutral, PublicKeyToken=null" name="NumDiceTest" />
    </UnitTest>
    <UnitTest name="BeginningAgeTest" storage="c:\users\danial\documents\github\rpg\assemblies\rpgtest.dll" id="2f0c1c26-b68f-63e8-a01f-2cd39f82fd42">
      <DeploymentItems>
        <DeploymentItem filename="RPG.Character.dll" />
      </DeploymentItems>
      <Execution id="4693e82e-6b86-4ec0-a852-79ec2354d5c1" />
      <TestMethod codeBase="C:/Users/Danial/Documents/GitHub/RPG/Assemblies/RPGTest.DLL" adapterTypeName="Microsoft.VisualStudio.TestTools.TestTypes.Unit.UnitTestAdapter, Microsoft.VisualStudio.QualityTools.Tips.UnitTest.Adapter, Version=10.0.0.0, Culture=neutral, PublicKeyToken=b03f5f7f11d50a3a" className="RPGTest.AgeCalculatorTest, RPGTest, Version=1.0.0.0, Culture=neutral, PublicKeyToken=null" name="BeginningAgeTest" />
    </UnitTest>
    <UnitTest name="RollTest2" storage="c:\users\danial\documents\github\rpg\assemblies\rpgtest.dll" id="9e704be5-1f61-cb23-4572-39595216ece1">
      <Execution id="055357b4-0cca-4f77-a79b-fac865867b41" />
      <TestMethod codeBase="C:/Users/Danial/Documents/GitHub/RPG/Assemblies/RPGTest.DLL" adapterTypeName="Microsoft.VisualStudio.TestTools.TestTypes.Unit.UnitTestAdapter, Microsoft.VisualStudio.QualityTools.Tips.UnitTest.Adapter, Version=10.0.0.0, Culture=neutral, PublicKeyToken=b03f5f7f11d50a3a" className="DiceTest.DiceTest, RPGTest, Version=1.0.0.0, Culture=neutral, PublicKeyToken=null" name="RollTest2" />
    </UnitTest>
    <UnitTest name="DiceConstructorTest" storage="c:\users\danial\documents\github\rpg\assemblies\rpgtest.dll" id="b8442ab2-64ed-2eed-a12f-f5e5d069c78c">
      <Execution id="12c02f4f-14f7-41c7-9e00-874d2b570313" />
      <TestMethod codeBase="C:/Users/Danial/Documents/GitHub/RPG/Assemblies/RPGTest.DLL" adapterTypeName="Microsoft.VisualStudio.TestTools.TestTypes.Unit.UnitTestAdapter, Microsoft.VisualStudio.QualityTools.Tips.UnitTest.Adapter, Version=10.0.0.0, Culture=neutral, PublicKeyToken=b03f5f7f11d50a3a" className="DiceTest.DiceTest, RPGTest, Version=1.0.0.0, Culture=neutral, PublicKeyToken=null" name="DiceConstructorTest" />
    </UnitTest>
    <UnitTest name="DieConstructorTest" storage="c:\users\danial\documents\github\rpg\assemblies\rpgtest.dll" id="f2b0ebc9-92d7-aa3a-55b5-8f79c09df496">
      <Execution id="86b57b82-682b-49fe-85fc-a865bec9be63" />
      <TestMethod codeBase="C:/Users/Danial/Documents/GitHub/RPG/Assemblies/RPGTest.DLL" adapterTypeName="Microsoft.VisualStudio.TestTools.TestTypes.Unit.UnitTestAdapter, Microsoft.VisualStudio.QualityTools.Tips.UnitTest.Adapter, Version=10.0.0.0, Culture=neutral, PublicKeyToken=b03f5f7f11d50a3a" className="RPGTest.DieTest, RPGTest, Version=1.0.0.0, Culture=neutral, PublicKeyToken=null" name="DieConstructorTest" />
    </UnitTest>
    <UnitTest name="RollTest" storage="c:\users\danial\documents\github\rpg\assemblies\rpgtest.dll" id="903935d3-25d5-d930-ec68-93591a39bb1c">
      <Execution id="b692a78d-ffae-4197-a1cd-6d19c491aff6" />
      <TestMethod codeBase="C:/Users/Danial/Documents/GitHub/RPG/Assemblies/RPGTest.DLL" adapterTypeName="Microsoft.VisualStudio.TestTools.TestTypes.Unit.UnitTestAdapter, Microsoft.VisualStudio.QualityTools.Tips.UnitTest.Adapter, Version=10.0.0.0, Culture=neutral, PublicKeyToken=b03f5f7f11d50a3a" className="DiceTest.DiceTest, RPGTest, Version=1.0.0.0, Culture=neutral, PublicKeyToken=null" name="RollTest" />
    </UnitTest>
    <UnitTest name="AgeCalculatorConstructorTest" storage="c:\users\danial\documents\github\rpg\assemblies\rpgtest.dll" id="ea470670-ebd7-5d09-3dbf-54a71f75f0d7">
      <DeploymentItems>
        <DeploymentItem filename="RPG.Character.dll" />
      </DeploymentItems>
      <Execution id="1b9289c0-385c-47fa-bda3-d447f720776a" />
      <TestMethod codeBase="C:/Users/Danial/Documents/GitHub/RPG/Assemblies/RPGTest.DLL" adapterTypeName="Microsoft.VisualStudio.TestTools.TestTypes.Unit.UnitTestAdapter, Microsoft.VisualStudio.QualityTools.Tips.UnitTest.Adapter, Version=10.0.0.0, Culture=neutral, PublicKeyToken=b03f5f7f11d50a3a" className="RPGTest.AgeCalculatorTest, RPGTest, Version=1.0.0.0, Culture=neutral, PublicKeyToken=null" name="AgeCalculatorConstructorTest" />
    </UnitTest>
    <UnitTest name="NumSidesTest" storage="c:\users\danial\documents\github\rpg\assemblies\rpgtest.dll" id="2a5b5490-4429-18c0-4143-bd4b238e9f5a">
      <Execution id="1367e3db-d1b6-4a43-b1db-98669803970c" />
      <TestMethod codeBase="C:/Users/Danial/Documents/GitHub/RPG/Assemblies/RPGTest.DLL" adapterTypeName="Microsoft.VisualStudio.TestTools.TestTypes.Unit.UnitTestAdapter, Microsoft.VisualStudio.QualityTools.Tips.UnitTest.Adapter, Version=10.0.0.0, Culture=neutral, PublicKeyToken=b03f5f7f11d50a3a" className="DiceTest.DiceTest, RPGTest, Version=1.0.0.0, Culture=neutral, PublicKeyToken=null" name="NumSidesTest" />
    </UnitTest>
    <UnitTest name="NumSidesTest" storage="c:\users\danial\documents\github\rpg\assemblies\rpgtest.dll" id="b1cc14e4-6e4b-2742-55fe-6ed71bc67fdf">
      <Execution id="ff6ae5fc-89eb-4057-a970-b5f234451984" />
      <TestMethod codeBase="C:/Users/Danial/Documents/GitHub/RPG/Assemblies/RPGTest.DLL" adapterTypeName="Microsoft.VisualStudio.TestTools.TestTypes.Unit.UnitTestAdapter, Microsoft.VisualStudio.QualityTools.Tips.UnitTest.Adapter, Version=10.0.0.0, Culture=neutral, PublicKeyToken=b03f5f7f11d50a3a" className="RPGTest.DieTest, RPGTest, Version=1.0.0.0, Culture=neutral, PublicKeyToken=null" name="NumSidesTest" />
    </UnitTest>
    <UnitTest name="DiceConstructorTest2" storage="c:\users\danial\documents\github\rpg\assemblies\rpgtest.dll" id="3e79dc15-bb28-70cc-2b9f-2bd4072d26d9">
      <Execution id="8966e585-0d57-47e8-af67-c7d60ad2256a" />
      <TestMethod codeBase="C:/Users/Danial/Documents/GitHub/RPG/Assemblies/RPGTest.DLL" adapterTypeName="Microsoft.VisualStudio.TestTools.TestTypes.Unit.UnitTestAdapter, Microsoft.VisualStudio.QualityTools.Tips.UnitTest.Adapter, Version=10.0.0.0, Culture=neutral, PublicKeyToken=b03f5f7f11d50a3a" className="DiceTest.DiceTest, RPGTest, Version=1.0.0.0, Culture=neutral, PublicKeyToken=null" name="DiceConstructorTest2" />
    </UnitTest>
  </TestDefinitions>
  <TestLists>
    <TestList name="Results Not in a List" id="8c84fa94-04c1-424b-9868-57a2d4851a1d" />
    <TestList name="All Loaded Results" id="19431567-8539-422a-85d7-44ee4e166bda" />
  </TestLists>
  <TestEntries>
    <TestEntry testId="077ad45b-ab74-42ef-0b4b-0c2d5cd35adc" executionId="22827c6c-3222-4d80-9031-9dd0720cd46a" testListId="8c84fa94-04c1-424b-9868-57a2d4851a1d" />
    <TestEntry testId="10b46630-64c7-73ea-8b02-70979e2ebebb" executionId="de1badd6-2898-41a3-9b6f-4adcd95d0f9d" testListId="8c84fa94-04c1-424b-9868-57a2d4851a1d" />
    <TestEntry testId="2a5b5490-4429-18c0-4143-bd4b238e9f5a" executionId="1367e3db-d1b6-4a43-b1db-98669803970c" testListId="8c84fa94-04c1-424b-9868-57a2d4851a1d" />
    <TestEntry testId="2b22852c-b229-a3df-f670-e43eef830035" executionId="0f5f5249-e139-44ff-9fbb-3dea164d1a27" testListId="8c84fa94-04c1-424b-9868-57a2d4851a1d" />
    <TestEntry testId="2f0c1c26-b68f-63e8-a01f-2cd39f82fd42" executionId="4693e82e-6b86-4ec0-a852-79ec2354d5c1" testListId="8c84fa94-04c1-424b-9868-57a2d4851a1d" />
    <TestEntry testId="3e79dc15-bb28-70cc-2b9f-2bd4072d26d9" executionId="8966e585-0d57-47e8-af67-c7d60ad2256a" testListId="8c84fa94-04c1-424b-9868-57a2d4851a1d" />
    <TestEntry testId="707e507e-fd17-e1bf-275c-0ded5128e2a2" executionId="1b4c9a75-0f0e-4a66-a4eb-af68d51129de" testListId="8c84fa94-04c1-424b-9868-57a2d4851a1d" />
    <TestEntry testId="903935d3-25d5-d930-ec68-93591a39bb1c" executionId="b692a78d-ffae-4197-a1cd-6d19c491aff6" testListId="8c84fa94-04c1-424b-9868-57a2d4851a1d" />
    <TestEntry testId="9e704be5-1f61-cb23-4572-39595216ece1" executionId="055357b4-0cca-4f77-a79b-fac865867b41" testListId="8c84fa94-04c1-424b-9868-57a2d4851a1d" />
    <TestEntry testId="b1cc14e4-6e4b-2742-55fe-6ed71bc67fdf" executionId="ff6ae5fc-89eb-4057-a970-b5f234451984" testListId="8c84fa94-04c1-424b-9868-57a2d4851a1d" />
    <TestEntry testId="b8442ab2-64ed-2eed-a12f-f5e5d069c78c" executionId="12c02f4f-14f7-41c7-9e00-874d2b570313" testListId="8c84fa94-04c1-424b-9868-57a2d4851a1d" />
    <TestEntry testId="c99d32b0-3647-8020-20e0-20dc007a0a3d" executionId="3cfb815f-288e-4638-8ea2-8edc30949dec" testListId="8c84fa94-04c1-424b-9868-57a2d4851a1d" />
    <TestEntry testId="ea470670-ebd7-5d09-3dbf-54a71f75f0d7" executionId="1b9289c0-385c-47fa-bda3-d447f720776a" testListId="8c84fa94-04c1-424b-9868-57a2d4851a1d" />
    <TestEntry testId="f2b0ebc9-92d7-aa3a-55b5-8f79c09df496" executionId="86b57b82-682b-49fe-85fc-a865bec9be63" testListId="8c84fa94-04c1-424b-9868-57a2d4851a1d" />
  </TestEntries>
  <Results>
    <UnitTestResult executionId="22827c6c-3222-4d80-9031-9dd0720cd46a" testId="077ad45b-ab74-42ef-0b4b-0c2d5cd35adc" testName="NumDiceTest" computerName="DANIAL-ASUS" duration="00:00:01.2228145" startTime="2014-07-01T12:25:05.4363321-05:00" endTime="2014-07-01T12:25:06.6591466-05:00" testType="13cdc9d9-ddb5-4fa4-a97d-d965ccfc6d4b" outcome="Aborted" testListId="8c84fa94-04c1-424b-9868-57a2d4851a1d" relativeResultsDirectory="22827c6c-3222-4d80-9031-9dd0720cd46a">
    </UnitTestResult>
    <UnitTestResult executionId="de1badd6-2898-41a3-9b6f-4adcd95d0f9d" testId="10b46630-64c7-73ea-8b02-70979e2ebebb" testName="GetDiceTest" computerName="DANIAL-ASUS" testType="13cdc9d9-ddb5-4fa4-a97d-d965ccfc6d4b" outcome="NotExecuted" testListId="8c84fa94-04c1-424b-9868-57a2d4851a1d" relativeResultsDirectory="de1badd6-2898-41a3-9b6f-4adcd95d0f9d">
    </UnitTestResult>
    <UnitTestResult executionId="1367e3db-d1b6-4a43-b1db-98669803970c" testId="2a5b5490-4429-18c0-4143-bd4b238e9f5a" testName="NumSidesTest" computerName="DANIAL-ASUS" testType="13cdc9d9-ddb5-4fa4-a97d-d965ccfc6d4b" outcome="NotExecuted" testListId="8c84fa94-04c1-424b-9868-57a2d4851a1d" relativeResultsDirectory="1367e3db-d1b6-4a43-b1db-98669803970c">
    </UnitTestResult>
    <UnitTestResult executionId="0f5f5249-e139-44ff-9fbb-3dea164d1a27" testId="2b22852c-b229-a3df-f670-e43eef830035" testName="DiceConstructorTest1" computerName="DANIAL-ASUS" testType="13cdc9d9-ddb5-4fa4-a97d-d965ccfc6d4b" outcome="NotExecuted" testListId="8c84fa94-04c1-424b-9868-57a2d4851a1d" relativeResultsDirectory="0f5f5249-e139-44ff-9fbb-3dea164d1a27">
    </UnitTestResult>
    <UnitTestResult executionId="4693e82e-6b86-4ec0-a852-79ec2354d5c1" testId="2f0c1c26-b68f-63e8-a01f-2cd39f82fd42" testName="BeginningAgeTest" computerName="DANIAL-ASUS" testType="13cdc9d9-ddb5-4fa4-a97d-d965ccfc6d4b" outcome="NotExecuted" testListId="8c84fa94-04c1-424b-9868-57a2d4851a1d" relativeResultsDirectory="4693e82e-6b86-4ec0-a852-79ec2354d5c1">
    </UnitTestResult>
    <UnitTestResult executionId="8966e585-0d57-47e8-af67-c7d60ad2256a" testId="3e79dc15-bb28-70cc-2b9f-2bd4072d26d9" testName="DiceConstructorTest2" computerName="DANIAL-ASUS" testType="13cdc9d9-ddb5-4fa4-a97d-d965ccfc6d4b" outcome="NotExecuted" testListId="8c84fa94-04c1-424b-9868-57a2d4851a1d" relativeResultsDirectory="8966e585-0d57-47e8-af67-c7d60ad2256a">
    </UnitTestResult>
    <UnitTestResult executionId="1b4c9a75-0f0e-4a66-a4eb-af68d51129de" testId="707e507e-fd17-e1bf-275c-0ded5128e2a2" testName="RollTest" computerName="DANIAL-ASUS" testType="13cdc9d9-ddb5-4fa4-a97d-d965ccfc6d4b" outcome="NotExecuted" testListId="8c84fa94-04c1-424b-9868-57a2d4851a1d" relativeResultsDirectory="1b4c9a75-0f0e-4a66-a4eb-af68d51129de">
    </UnitTestResult>
    <UnitTestResult executionId="b692a78d-ffae-4197-a1cd-6d19c491aff6" testId="903935d3-25d5-d930-ec68-93591a39bb1c" testName="RollTest" computerName="DANIAL-ASUS" testType="13cdc9d9-ddb5-4fa4-a97d-d965ccfc6d4b" outcome="NotExecuted" testListId="8c84fa94-04c1-424b-9868-57a2d4851a1d" relativeResultsDirectory="b692a78d-ffae-4197-a1cd-6d19c491aff6">
    </UnitTestResult>
    <UnitTestResult executionId="055357b4-0cca-4f77-a79b-fac865867b41" testId="9e704be5-1f61-cb23-4572-39595216ece1" testName="RollTest2" computerName="DANIAL-ASUS" testType="13cdc9d9-ddb5-4fa4-a97d-d965ccfc6d4b" outcome="NotExecuted" testListId="8c84fa94-04c1-424b-9868-57a2d4851a1d" relativeResultsDirectory="055357b4-0cca-4f77-a79b-fac865867b41">
    </UnitTestResult>
    <UnitTestResult executionId="ff6ae5fc-89eb-4057-a970-b5f234451984" testId="b1cc14e4-6e4b-2742-55fe-6ed71bc67fdf" testName="NumSidesTest" computerName="DANIAL-ASUS" testType="13cdc9d9-ddb5-4fa4-a97d-d965ccfc6d4b" outcome="NotExecuted" testListId="8c84fa94-04c1-424b-9868-57a2d4851a1d" relativeResultsDirectory="ff6ae5fc-89eb-4057-a970-b5f234451984">
    </UnitTestResult>
    <UnitTestResult executionId="12c02f4f-14f7-41c7-9e00-874d2b570313" testId="b8442ab2-64ed-2eed-a12f-f5e5d069c78c" testName="DiceConstructorTest" computerName="DANIAL-ASUS" testType="13cdc9d9-ddb5-4fa4-a97d-d965ccfc6d4b" outcome="NotExecuted" testListId="8c84fa94-04c1-424b-9868-57a2d4851a1d" relativeResultsDirectory="12c02f4f-14f7-41c7-9e00-874d2b570313">
    </UnitTestResult>
    <UnitTestResult executionId="3cfb815f-288e-4638-8ea2-8edc30949dec" testId="c99d32b0-3647-8020-20e0-20dc007a0a3d" testName="DieConstructorTest1" computerName="DANIAL-ASUS" testType="13cdc9d9-ddb5-4fa4-a97d-d965ccfc6d4b" outcome="NotExecuted" testListId="8c84fa94-04c1-424b-9868-57a2d4851a1d" relativeResultsDirectory="3cfb815f-288e-4638-8ea2-8edc30949dec">
    </UnitTestResult>
    <UnitTestResult executionId="1b9289c0-385c-47fa-bda3-d447f720776a" testId="ea470670-ebd7-5d09-3dbf-54a71f75f0d7" testName="AgeCalculatorConstructorTest" computerName="DANIAL-ASUS" testType="13cdc9d9-ddb5-4fa4-a97d-d965ccfc6d4b" outcome="NotExecuted" testListId="8c84fa94-04c1-424b-9868-57a2d4851a1d" relativeResultsDirectory="1b9289c0-385c-47fa-bda3-d447f720776a">
    </UnitTestResult>
    <UnitTestResult executionId="86b57b82-682b-49fe-85fc-a865bec9be63" testId="f2b0ebc9-92d7-aa3a-55b5-8f79c09df496" testName="DieConstructorTest" computerName="DANIAL-ASUS" testType="13cdc9d9-ddb5-4fa4-a97d-d965ccfc6d4b" outcome="NotExecuted" testListId="8c84fa94-04c1-424b-9868-57a2d4851a1d" relativeResultsDirectory="86b57b82-682b-49fe-85fc-a865bec9be63">
    </UnitTestResult>
  </Results>
</TestRun>