<?xml version="1.0" encoding="UTF-8"?>
<TestRun id="ea11f11d-8853-443d-a9bd-f5c9727d5e5b" name="Danial@DANIAL-ASUS 2014-07-02 14:51:24" runUser="DANIAL-ASUS\Danial" xmlns="http://microsoft.com/schemas/VisualStudio/TeamTest/2010">
  <TestSettings name="Local" id="f4099e50-5f7e-4d66-893f-f079ed6f6c67">
    <Description>These are default test settings for a local test run.</Description>
    <Deployment enabled="false" runDeploymentRoot="Danial_DANIAL-ASUS 2014-07-02 14_51_24">
      <DeploymentItem filename="C:\Users\Danial\Documents\GitHub\RPG\Assemblies\RPG.RollDice.dll" />
      <DeploymentItem filename="C:\Users\Danial\Documents\GitHub\RPG\Assemblies\RPG.exe" />
      <DeploymentItem filename="C:\Users\Danial\Documents\GitHub\RPG\Assemblies\RPG.Character.dll" />
      <DeploymentItem filename="C:\Users\Danial\Documents\GitHub\RPG\Assemblies\RPG.General.dll" />
    </Deployment>
    <Execution>
      <TestTypeSpecific />
      <AgentRule name="Execution Agents">
      </AgentRule>
    </Execution>
  </TestSettings>
  <Times creation="2014-07-02T14:51:24.2827085-05:00" queuing="2014-07-02T14:51:24.3327426-05:00" start="2014-07-02T14:51:24.3567579-05:00" finish="2014-07-02T14:51:27.6489520-05:00" />
  <ResultSummary outcome="Error">
    <Counters total="14" executed="14" passed="12" error="1" failed="1" timeout="0" aborted="0" inconclusive="0" passedButRunAborted="0" notRunnable="0" notExecuted="0" disconnected="0" warning="0" completed="0" inProgress="0" pending="0" />
  </ResultSummary>
  <TestDefinitions>
    <UnitTest name="RollTest1d1Mul3" storage="c:\users\danial\documents\github\rpg\assemblies\rpgtest.dll" id="594f7b09-c534-fbe8-9d4a-1cba099beed5">
      <Execution id="bf9ff022-73de-42fb-9b7e-bc2281f4a98a" />
      <TestMethod codeBase="C:/Users/Danial/Documents/GitHub/RPG/Assemblies/RPGTest.DLL" adapterTypeName="Microsoft.VisualStudio.TestTools.TestTypes.Unit.UnitTestAdapter, Microsoft.VisualStudio.QualityTools.Tips.UnitTest.Adapter, Version=10.0.0.0, Culture=neutral, PublicKeyToken=b03f5f7f11d50a3a" className="RPGTest.DiceParserTest, RPGTest, Version=1.0.0.0, Culture=neutral, PublicKeyToken=null" name="RollTest1d1Mul3" />
    </UnitTest>
    <UnitTest name="RollTest1d1" storage="c:\users\danial\documents\github\rpg\assemblies\rpgtest.dll" id="075434e3-e103-d829-5145-c369a2860765">
      <Execution id="549906e1-430b-41e9-ba8a-bb891ca10c83" />
      <TestMethod codeBase="C:/Users/Danial/Documents/GitHub/RPG/Assemblies/RPGTest.DLL" adapterTypeName="Microsoft.VisualStudio.TestTools.TestTypes.Unit.UnitTestAdapter, Microsoft.VisualStudio.QualityTools.Tips.UnitTest.Adapter, Version=10.0.0.0, Culture=neutral, PublicKeyToken=b03f5f7f11d50a3a" className="RPGTest.DiceParserTest, RPGTest, Version=1.0.0.0, Culture=neutral, PublicKeyToken=null" name="RollTest1d1" />
    </UnitTest>
    <UnitTest name="RollTest2d1Mul3d1Add2d1Sub5" storage="c:\users\danial\documents\github\rpg\assemblies\rpgtest.dll" id="5d13590b-4d5b-d1a4-86a6-826d43dec9d1">
      <Execution id="952d68f5-256b-4759-8ddf-c79e12f362e9" />
      <TestMethod codeBase="C:/Users/Danial/Documents/GitHub/RPG/Assemblies/RPGTest.DLL" adapterTypeName="Microsoft.VisualStudio.TestTools.TestTypes.Unit.UnitTestAdapter, Microsoft.VisualStudio.QualityTools.Tips.UnitTest.Adapter, Version=10.0.0.0, Culture=neutral, PublicKeyToken=b03f5f7f11d50a3a" className="RPGTest.DiceParserTest, RPGTest, Version=1.0.0.0, Culture=neutral, PublicKeyToken=null" name="RollTest2d1Mul3d1Add2d1Sub5" />
    </UnitTest>
    <UnitTest name="RollTest2d1Mul3d1" storage="c:\users\danial\documents\github\rpg\assemblies\rpgtest.dll" id="a39910d9-a185-216a-6496-802afb0d62c8">
      <Execution id="68283ca5-345d-4feb-aec3-96ca036eac88" />
      <TestMethod codeBase="C:/Users/Danial/Documents/GitHub/RPG/Assemblies/RPGTest.DLL" adapterTypeName="Microsoft.VisualStudio.TestTools.TestTypes.Unit.UnitTestAdapter, Microsoft.VisualStudio.QualityTools.Tips.UnitTest.Adapter, Version=10.0.0.0, Culture=neutral, PublicKeyToken=b03f5f7f11d50a3a" className="RPGTest.DiceParserTest, RPGTest, Version=1.0.0.0, Culture=neutral, PublicKeyToken=null" name="RollTest2d1Mul3d1" />
    </UnitTest>
    <UnitTest name="RollTest1d1Add1" storage="c:\users\danial\documents\github\rpg\assemblies\rpgtest.dll" id="d5c306b1-ba41-3ceb-a229-57b2f161b761">
      <Execution id="953e4b58-fe70-412e-9cd6-8041f7738a95" />
      <TestMethod codeBase="C:/Users/Danial/Documents/GitHub/RPG/Assemblies/RPGTest.DLL" adapterTypeName="Microsoft.VisualStudio.TestTools.TestTypes.Unit.UnitTestAdapter, Microsoft.VisualStudio.QualityTools.Tips.UnitTest.Adapter, Version=10.0.0.0, Culture=neutral, PublicKeyToken=b03f5f7f11d50a3a" className="RPGTest.DiceParserTest, RPGTest, Version=1.0.0.0, Culture=neutral, PublicKeyToken=null" name="RollTest1d1Add1" />
    </UnitTest>
    <UnitTest name="RollTest2d1Mul3d1Add2d1" storage="c:\users\danial\documents\github\rpg\assemblies\rpgtest.dll" id="5b87ccaf-29a4-4f95-2684-880ee8365d06">
      <Execution id="8d1535a0-caed-4c8a-8306-25b2a0014c73" />
      <TestMethod codeBase="C:/Users/Danial/Documents/GitHub/RPG/Assemblies/RPGTest.DLL" adapterTypeName="Microsoft.VisualStudio.TestTools.TestTypes.Unit.UnitTestAdapter, Microsoft.VisualStudio.QualityTools.Tips.UnitTest.Adapter, Version=10.0.0.0, Culture=neutral, PublicKeyToken=b03f5f7f11d50a3a" className="RPGTest.DiceParserTest, RPGTest, Version=1.0.0.0, Culture=neutral, PublicKeyToken=null" name="RollTest2d1Mul3d1Add2d1" />
    </UnitTest>
    <UnitTest name="RollTest3d1Sub1d1" storage="c:\users\danial\documents\github\rpg\assemblies\rpgtest.dll" id="3e5b43b0-f69e-6036-78d9-8b8fa5112ba9">
      <Execution id="7281a124-f16c-427d-a92c-0c610b4d3664" />
      <TestMethod codeBase="C:/Users/Danial/Documents/GitHub/RPG/Assemblies/RPGTest.DLL" adapterTypeName="Microsoft.VisualStudio.TestTools.TestTypes.Unit.UnitTestAdapter, Microsoft.VisualStudio.QualityTools.Tips.UnitTest.Adapter, Version=10.0.0.0, Culture=neutral, PublicKeyToken=b03f5f7f11d50a3a" className="RPGTest.DiceParserTest, RPGTest, Version=1.0.0.0, Culture=neutral, PublicKeyToken=null" name="RollTest3d1Sub1d1" />
    </UnitTest>
    <UnitTest name="RollTest1d1Add1Mul3" storage="c:\users\danial\documents\github\rpg\assemblies\rpgtest.dll" id="07d35cc0-5f84-71b9-c09d-3470390d331a">
      <Execution id="bf123b28-72c8-4994-a07d-5d90e289b4ab" />
      <TestMethod codeBase="C:/Users/Danial/Documents/GitHub/RPG/Assemblies/RPGTest.DLL" adapterTypeName="Microsoft.VisualStudio.TestTools.TestTypes.Unit.UnitTestAdapter, Microsoft.VisualStudio.QualityTools.Tips.UnitTest.Adapter, Version=10.0.0.0, Culture=neutral, PublicKeyToken=b03f5f7f11d50a3a" className="RPGTest.DiceParserTest, RPGTest, Version=1.0.0.0, Culture=neutral, PublicKeyToken=null" name="RollTest1d1Add1Mul3" />
    </UnitTest>
    <UnitTest name="RollTest1d1Add1Add1" storage="c:\users\danial\documents\github\rpg\assemblies\rpgtest.dll" id="c45b81b6-2679-7675-5083-89585994de9d">
      <Execution id="a6c2457b-97eb-4925-957a-b1fef18ebae2" />
      <TestMethod codeBase="C:/Users/Danial/Documents/GitHub/RPG/Assemblies/RPGTest.DLL" adapterTypeName="Microsoft.VisualStudio.TestTools.TestTypes.Unit.UnitTestAdapter, Microsoft.VisualStudio.QualityTools.Tips.UnitTest.Adapter, Version=10.0.0.0, Culture=neutral, PublicKeyToken=b03f5f7f11d50a3a" className="RPGTest.DiceParserTest, RPGTest, Version=1.0.0.0, Culture=neutral, PublicKeyToken=null" name="RollTest1d1Add1Add1" />
    </UnitTest>
    <UnitTest name="RollTest1d1Sub1" storage="c:\users\danial\documents\github\rpg\assemblies\rpgtest.dll" id="b10ebec1-2ac3-f1ca-ba26-6e1ad7d7075a">
      <Execution id="5bed3e65-d73e-4d24-811b-3243e8a6b422" />
      <TestMethod codeBase="C:/Users/Danial/Documents/GitHub/RPG/Assemblies/RPGTest.DLL" adapterTypeName="Microsoft.VisualStudio.TestTools.TestTypes.Unit.UnitTestAdapter, Microsoft.VisualStudio.QualityTools.Tips.UnitTest.Adapter, Version=10.0.0.0, Culture=neutral, PublicKeyToken=b03f5f7f11d50a3a" className="RPGTest.DiceParserTest, RPGTest, Version=1.0.0.0, Culture=neutral, PublicKeyToken=null" name="RollTest1d1Sub1" />
    </UnitTest>
    <UnitTest name="RollTest1d1Add3d1" storage="c:\users\danial\documents\github\rpg\assemblies\rpgtest.dll" id="df1b4648-1710-c997-2724-7e108ca2e85b">
      <Execution id="c3b028d6-1ce7-4ba4-adb7-10334cb57923" />
      <TestMethod codeBase="C:/Users/Danial/Documents/GitHub/RPG/Assemblies/RPGTest.DLL" adapterTypeName="Microsoft.VisualStudio.TestTools.TestTypes.Unit.UnitTestAdapter, Microsoft.VisualStudio.QualityTools.Tips.UnitTest.Adapter, Version=10.0.0.0, Culture=neutral, PublicKeyToken=b03f5f7f11d50a3a" className="RPGTest.DiceParserTest, RPGTest, Version=1.0.0.0, Culture=neutral, PublicKeyToken=null" name="RollTest1d1Add3d1" />
    </UnitTest>
    <UnitTest name="RollTest1d1Add1Sub1" storage="c:\users\danial\documents\github\rpg\assemblies\rpgtest.dll" id="749c9363-176f-3ec8-18aa-70765e5a0b66">
      <Execution id="5521f1ef-1e9e-42fe-906a-f06291f6ab7d" />
      <TestMethod codeBase="C:/Users/Danial/Documents/GitHub/RPG/Assemblies/RPGTest.DLL" adapterTypeName="Microsoft.VisualStudio.TestTools.TestTypes.Unit.UnitTestAdapter, Microsoft.VisualStudio.QualityTools.Tips.UnitTest.Adapter, Version=10.0.0.0, Culture=neutral, PublicKeyToken=b03f5f7f11d50a3a" className="RPGTest.DiceParserTest, RPGTest, Version=1.0.0.0, Culture=neutral, PublicKeyToken=null" name="RollTest1d1Add1Sub1" />
    </UnitTest>
    <UnitTest name="RollTest1d1Mul0" storage="c:\users\danial\documents\github\rpg\assemblies\rpgtest.dll" id="f2c43a54-11e4-ccba-49c8-4a3ee377f3a1">
      <Execution id="7f2f0740-f634-4a4d-b36e-1aa54d2fec20" />
      <TestMethod codeBase="C:/Users/Danial/Documents/GitHub/RPG/Assemblies/RPGTest.DLL" adapterTypeName="Microsoft.VisualStudio.TestTools.TestTypes.Unit.UnitTestAdapter, Microsoft.VisualStudio.QualityTools.Tips.UnitTest.Adapter, Version=10.0.0.0, Culture=neutral, PublicKeyToken=b03f5f7f11d50a3a" className="RPGTest.DiceParserTest, RPGTest, Version=1.0.0.0, Culture=neutral, PublicKeyToken=null" name="RollTest1d1Mul0" />
    </UnitTest>
    <UnitTest name="RollTest1" storage="c:\users\danial\documents\github\rpg\assemblies\rpgtest.dll" id="9f743059-7240-8918-bfad-bd23f3903cee">
      <Execution id="032cbf13-0ee5-44b1-9fde-2f94e8114e09" />
      <TestMethod codeBase="C:/Users/Danial/Documents/GitHub/RPG/Assemblies/RPGTest.DLL" adapterTypeName="Microsoft.VisualStudio.TestTools.TestTypes.Unit.UnitTestAdapter, Microsoft.VisualStudio.QualityTools.Tips.UnitTest.Adapter, Version=10.0.0.0, Culture=neutral, PublicKeyToken=b03f5f7f11d50a3a" className="RPGTest.DiceParserTest, RPGTest, Version=1.0.0.0, Culture=neutral, PublicKeyToken=null" name="RollTest1" />
    </UnitTest>
  </TestDefinitions>
  <TestLists>
    <TestList name="Results Not in a List" id="8c84fa94-04c1-424b-9868-57a2d4851a1d" />
    <TestList name="All Loaded Results" id="19431567-8539-422a-85d7-44ee4e166bda" />
  </TestLists>
  <TestEntries>
    <TestEntry testId="075434e3-e103-d829-5145-c369a2860765" executionId="549906e1-430b-41e9-ba8a-bb891ca10c83" testListId="8c84fa94-04c1-424b-9868-57a2d4851a1d" />
    <TestEntry testId="07d35cc0-5f84-71b9-c09d-3470390d331a" executionId="bf123b28-72c8-4994-a07d-5d90e289b4ab" testListId="8c84fa94-04c1-424b-9868-57a2d4851a1d" />
    <TestEntry testId="3e5b43b0-f69e-6036-78d9-8b8fa5112ba9" executionId="7281a124-f16c-427d-a92c-0c610b4d3664" testListId="8c84fa94-04c1-424b-9868-57a2d4851a1d" />
    <TestEntry testId="594f7b09-c534-fbe8-9d4a-1cba099beed5" executionId="bf9ff022-73de-42fb-9b7e-bc2281f4a98a" testListId="8c84fa94-04c1-424b-9868-57a2d4851a1d" />
    <TestEntry testId="5b87ccaf-29a4-4f95-2684-880ee8365d06" executionId="8d1535a0-caed-4c8a-8306-25b2a0014c73" testListId="8c84fa94-04c1-424b-9868-57a2d4851a1d" />
    <TestEntry testId="5d13590b-4d5b-d1a4-86a6-826d43dec9d1" executionId="952d68f5-256b-4759-8ddf-c79e12f362e9" testListId="8c84fa94-04c1-424b-9868-57a2d4851a1d" />
    <TestEntry testId="749c9363-176f-3ec8-18aa-70765e5a0b66" executionId="5521f1ef-1e9e-42fe-906a-f06291f6ab7d" testListId="8c84fa94-04c1-424b-9868-57a2d4851a1d" />
    <TestEntry testId="9f743059-7240-8918-bfad-bd23f3903cee" executionId="032cbf13-0ee5-44b1-9fde-2f94e8114e09" testListId="8c84fa94-04c1-424b-9868-57a2d4851a1d" />
    <TestEntry testId="a39910d9-a185-216a-6496-802afb0d62c8" executionId="68283ca5-345d-4feb-aec3-96ca036eac88" testListId="8c84fa94-04c1-424b-9868-57a2d4851a1d" />
    <TestEntry testId="b10ebec1-2ac3-f1ca-ba26-6e1ad7d7075a" executionId="5bed3e65-d73e-4d24-811b-3243e8a6b422" testListId="8c84fa94-04c1-424b-9868-57a2d4851a1d" />
    <TestEntry testId="c45b81b6-2679-7675-5083-89585994de9d" executionId="a6c2457b-97eb-4925-957a-b1fef18ebae2" testListId="8c84fa94-04c1-424b-9868-57a2d4851a1d" />
    <TestEntry testId="d5c306b1-ba41-3ceb-a229-57b2f161b761" executionId="953e4b58-fe70-412e-9cd6-8041f7738a95" testListId="8c84fa94-04c1-424b-9868-57a2d4851a1d" />
    <TestEntry testId="df1b4648-1710-c997-2724-7e108ca2e85b" executionId="c3b028d6-1ce7-4ba4-adb7-10334cb57923" testListId="8c84fa94-04c1-424b-9868-57a2d4851a1d" />
    <TestEntry testId="f2c43a54-11e4-ccba-49c8-4a3ee377f3a1" executionId="7f2f0740-f634-4a4d-b36e-1aa54d2fec20" testListId="8c84fa94-04c1-424b-9868-57a2d4851a1d" />
  </TestEntries>
  <Results>
    <UnitTestResult executionId="549906e1-430b-41e9-ba8a-bb891ca10c83" testId="075434e3-e103-d829-5145-c369a2860765" testName="RollTest1d1" computerName="DANIAL-ASUS" duration="00:00:00.0468722" startTime="2014-07-02T14:51:24.3627612-05:00" endTime="2014-07-02T14:51:24.9871788-05:00" testType="13cdc9d9-ddb5-4fa4-a97d-d965ccfc6d4b" outcome="Passed" testListId="8c84fa94-04c1-424b-9868-57a2d4851a1d" relativeResultsDirectory="549906e1-430b-41e9-ba8a-bb891ca10c83">
    </UnitTestResult>
    <UnitTestResult executionId="bf123b28-72c8-4994-a07d-5d90e289b4ab" testId="07d35cc0-5f84-71b9-c09d-3470390d331a" testName="RollTest1d1Add1Mul3" computerName="DANIAL-ASUS" duration="00:00:00.0007013" startTime="2014-07-02T14:51:24.9901798-05:00" endTime="2014-07-02T14:51:25.0051902-05:00" testType="13cdc9d9-ddb5-4fa4-a97d-d965ccfc6d4b" outcome="Passed" testListId="8c84fa94-04c1-424b-9868-57a2d4851a1d" relativeResultsDirectory="bf123b28-72c8-4994-a07d-5d90e289b4ab">
    </UnitTestResult>
    <UnitTestResult executionId="7281a124-f16c-427d-a92c-0c610b4d3664" testId="3e5b43b0-f69e-6036-78d9-8b8fa5112ba9" testName="RollTest3d1Sub1d1" computerName="DANIAL-ASUS" duration="00:00:00.0017091" startTime="2014-07-02T14:51:25.0071908-05:00" endTime="2014-07-02T14:51:25.0212008-05:00" testType="13cdc9d9-ddb5-4fa4-a97d-d965ccfc6d4b" outcome="Passed" testListId="8c84fa94-04c1-424b-9868-57a2d4851a1d" relativeResultsDirectory="7281a124-f16c-427d-a92c-0c610b4d3664">
    </UnitTestResult>
    <UnitTestResult executionId="bf9ff022-73de-42fb-9b7e-bc2281f4a98a" testId="594f7b09-c534-fbe8-9d4a-1cba099beed5" testName="RollTest1d1Mul3" computerName="DANIAL-ASUS" duration="00:00:00.0005706" startTime="2014-07-02T14:51:25.0232015-05:00" endTime="2014-07-02T14:51:25.0342099-05:00" testType="13cdc9d9-ddb5-4fa4-a97d-d965ccfc6d4b" outcome="Passed" testListId="8c84fa94-04c1-424b-9868-57a2d4851a1d" relativeResultsDirectory="bf9ff022-73de-42fb-9b7e-bc2281f4a98a">
    </UnitTestResult>
    <UnitTestResult executionId="8d1535a0-caed-4c8a-8306-25b2a0014c73" testId="5b87ccaf-29a4-4f95-2684-880ee8365d06" testName="RollTest2d1Mul3d1Add2d1" computerName="DANIAL-ASUS" duration="00:00:00.0361902" startTime="2014-07-02T14:51:25.0382118-05:00" endTime="2014-07-02T14:51:25.0832415-05:00" testType="13cdc9d9-ddb5-4fa4-a97d-d965ccfc6d4b" outcome="Failed" testListId="8c84fa94-04c1-424b-9868-57a2d4851a1d" relativeResultsDirectory="8d1535a0-caed-4c8a-8306-25b2a0014c73">
      <Output>
        <ErrorInfo>
          <Message>Test method RPGTest.DiceParserTest.RollTest2d1Mul3d1Add2d1 threw exception: 
System.ArgumentOutOfRangeException: Index and length must refer to a location within the string.
Parameter name: length</Message>
          <StackTrace>    at System.String.Substring(Int32 startIndex, Int32 length)
   at RPG.RollDice.DiceParser.ProcessParantheses(String math) in C:\Users\Danial\Documents\GitHub\RPG\RPG.Dice\DiceParser.cs:line 199
   at RPG.RollDice.DiceParser.Calculate(String diceString) in C:\Users\Danial\Documents\GitHub\RPG\RPG.Dice\DiceParser.cs:line 181
   at RPG.RollDice.DiceParser.Roll(String diceString) in C:\Users\Danial\Documents\GitHub\RPG\RPG.Dice\DiceParser.cs:line 167
   at RPGTest.DiceParserTest.RollTest2d1Mul3d1Add2d1() in C:\Users\Danial\Documents\GitHub\RPG\RPGTest\DiceParserTest.cs:line 212
</StackTrace>
        </ErrorInfo>
      </Output>
    </UnitTestResult>
    <UnitTestResult executionId="952d68f5-256b-4759-8ddf-c79e12f362e9" testId="5d13590b-4d5b-d1a4-86a6-826d43dec9d1" testName="RollTest2d1Mul3d1Add2d1Sub5" computerName="DANIAL-ASUS" startTime="2014-07-02T14:51:25.0922492-05:00" endTime="2014-07-02T14:51:27.0255367-05:00" testType="13cdc9d9-ddb5-4fa4-a97d-d965ccfc6d4b" testListId="8c84fa94-04c1-424b-9868-57a2d4851a1d" relativeResultsDirectory="952d68f5-256b-4759-8ddf-c79e12f362e9">
      <Output>
        <ErrorInfo>
          <Message>The agent process was stopped while the test was running.</Message>
        </ErrorInfo>
      </Output>
    </UnitTestResult>
    <UnitTestResult executionId="5521f1ef-1e9e-42fe-906a-f06291f6ab7d" testId="749c9363-176f-3ec8-18aa-70765e5a0b66" testName="RollTest1d1Add1Sub1" computerName="DANIAL-ASUS" duration="00:00:00.0335081" startTime="2014-07-02T14:51:27.0355434-05:00" endTime="2014-07-02T14:51:27.4748359-05:00" testType="13cdc9d9-ddb5-4fa4-a97d-d965ccfc6d4b" outcome="Passed" testListId="8c84fa94-04c1-424b-9868-57a2d4851a1d" relativeResultsDirectory="5521f1ef-1e9e-42fe-906a-f06291f6ab7d">
    </UnitTestResult>
    <UnitTestResult executionId="032cbf13-0ee5-44b1-9fde-2f94e8114e09" testId="9f743059-7240-8918-bfad-bd23f3903cee" testName="RollTest1" computerName="DANIAL-ASUS" duration="00:00:00.0003106" startTime="2014-07-02T14:51:27.4808399-05:00" endTime="2014-07-02T14:51:27.4908466-05:00" testType="13cdc9d9-ddb5-4fa4-a97d-d965ccfc6d4b" outcome="Passed" testListId="8c84fa94-04c1-424b-9868-57a2d4851a1d" relativeResultsDirectory="032cbf13-0ee5-44b1-9fde-2f94e8114e09">
    </UnitTestResult>
    <UnitTestResult executionId="68283ca5-345d-4feb-aec3-96ca036eac88" testId="a39910d9-a185-216a-6496-802afb0d62c8" testName="RollTest2d1Mul3d1" computerName="DANIAL-ASUS" duration="00:00:00.0018097" startTime="2014-07-02T14:51:27.4938489-05:00" endTime="2014-07-02T14:51:27.5068573-05:00" testType="13cdc9d9-ddb5-4fa4-a97d-d965ccfc6d4b" outcome="Passed" testListId="8c84fa94-04c1-424b-9868-57a2d4851a1d" relativeResultsDirectory="68283ca5-345d-4feb-aec3-96ca036eac88">
    </UnitTestResult>
    <UnitTestResult executionId="5bed3e65-d73e-4d24-811b-3243e8a6b422" testId="b10ebec1-2ac3-f1ca-ba26-6e1ad7d7075a" testName="RollTest1d1Sub1" computerName="DANIAL-ASUS" duration="00:00:00.0003031" startTime="2014-07-02T14:51:27.5138616-05:00" endTime="2014-07-02T14:51:27.5238683-05:00" testType="13cdc9d9-ddb5-4fa4-a97d-d965ccfc6d4b" outcome="Passed" testListId="8c84fa94-04c1-424b-9868-57a2d4851a1d" relativeResultsDirectory="5bed3e65-d73e-4d24-811b-3243e8a6b422">
    </UnitTestResult>
    <UnitTestResult executionId="a6c2457b-97eb-4925-957a-b1fef18ebae2" testId="c45b81b6-2679-7675-5083-89585994de9d" testName="RollTest1d1Add1Add1" computerName="DANIAL-ASUS" duration="00:00:00.0003031" startTime="2014-07-02T14:51:27.5278723-05:00" endTime="2014-07-02T14:51:27.5378776-05:00" testType="13cdc9d9-ddb5-4fa4-a97d-d965ccfc6d4b" outcome="Passed" testListId="8c84fa94-04c1-424b-9868-57a2d4851a1d" relativeResultsDirectory="a6c2457b-97eb-4925-957a-b1fef18ebae2">
    </UnitTestResult>
    <UnitTestResult executionId="953e4b58-fe70-412e-9cd6-8041f7738a95" testId="d5c306b1-ba41-3ceb-a229-57b2f161b761" testName="RollTest1d1Add1" computerName="DANIAL-ASUS" duration="00:00:00.0003208" startTime="2014-07-02T14:51:27.5408813-05:00" endTime="2014-07-02T14:51:27.5508866-05:00" testType="13cdc9d9-ddb5-4fa4-a97d-d965ccfc6d4b" outcome="Passed" testListId="8c84fa94-04c1-424b-9868-57a2d4851a1d" relativeResultsDirectory="953e4b58-fe70-412e-9cd6-8041f7738a95">
    </UnitTestResult>
    <UnitTestResult executionId="c3b028d6-1ce7-4ba4-adb7-10334cb57923" testId="df1b4648-1710-c997-2724-7e108ca2e85b" testName="RollTest1d1Add3d1" computerName="DANIAL-ASUS" duration="00:00:00.0003099" startTime="2014-07-02T14:51:27.5548893-05:00" endTime="2014-07-02T14:51:27.5638949-05:00" testType="13cdc9d9-ddb5-4fa4-a97d-d965ccfc6d4b" outcome="Passed" testListId="8c84fa94-04c1-424b-9868-57a2d4851a1d" relativeResultsDirectory="c3b028d6-1ce7-4ba4-adb7-10334cb57923">
    </UnitTestResult>
    <UnitTestResult executionId="7f2f0740-f634-4a4d-b36e-1aa54d2fec20" testId="f2c43a54-11e4-ccba-49c8-4a3ee377f3a1" testName="RollTest1d1Mul0" computerName="DANIAL-ASUS" duration="00:00:00.0003017" startTime="2014-07-02T14:51:27.5678983-05:00" endTime="2014-07-02T14:51:27.5779050-05:00" testType="13cdc9d9-ddb5-4fa4-a97d-d965ccfc6d4b" outcome="Passed" testListId="8c84fa94-04c1-424b-9868-57a2d4851a1d" relativeResultsDirectory="7f2f0740-f634-4a4d-b36e-1aa54d2fec20">
    </UnitTestResult>
  </Results>
</TestRun>