<?xml version="1.0" encoding="UTF-8"?>
<TestRun id="084879ff-6bfa-4a0e-9eff-9cc3005776c4" name="Danial@DANIAL-ASUS 2014-06-30 14:08:37" runUser="DANIAL-ASUS\Danial" xmlns="http://microsoft.com/schemas/VisualStudio/TeamTest/2010">
  <TestSettings name="Local" id="f4099e50-5f7e-4d66-893f-f079ed6f6c67">
    <Description>These are default test settings for a local test run.</Description>
    <Deployment enabled="false" runDeploymentRoot="Danial_DANIAL-ASUS 2014-06-30 14_08_37">
      <DeploymentItem filename="C:\Users\Danial\Documents\GitHub\RPG\RPG\bin\Debug\RPG.dll" />
    </Deployment>
    <Execution>
      <TestTypeSpecific />
      <AgentRule name="Execution Agents">
      </AgentRule>
    </Execution>
  </TestSettings>
  <Times creation="2014-06-30T14:08:37.1788083-05:00" queuing="2014-06-30T14:08:37.2138313-05:00" start="2014-06-30T14:08:37.2278407-05:00" finish="2014-06-30T14:08:37.9463190-05:00" />
  <ResultSummary outcome="Failed">
    <Counters total="12" executed="12" passed="9" error="0" failed="3" timeout="0" aborted="0" inconclusive="0" passedButRunAborted="0" notRunnable="0" notExecuted="0" disconnected="0" warning="0" completed="0" inProgress="0" pending="0" />
  </ResultSummary>
  <TestDefinitions>
    <UnitTest name="NumSidesTest" storage="c:\users\danial\documents\github\rpg\rpgtest\bin\debug\rpgtest.dll" id="b1cc14e4-6e4b-2742-55fe-6ed71bc67fdf">
      <Execution id="3a0a6eca-2b76-4bb3-92b2-9ec06ebdb48d" />
      <TestMethod codeBase="C:/Users/Danial/Documents/GitHub/RPG/RPGTest/bin/Debug/RPGTest.DLL" adapterTypeName="Microsoft.VisualStudio.TestTools.TestTypes.Unit.UnitTestAdapter, Microsoft.VisualStudio.QualityTools.Tips.UnitTest.Adapter, Version=10.0.0.0, Culture=neutral, PublicKeyToken=b03f5f7f11d50a3a" className="RPGTest.DieTest, RPGTest, Version=1.0.0.0, Culture=neutral, PublicKeyToken=null" name="NumSidesTest" />
    </UnitTest>
    <UnitTest name="NumSidesTest" storage="c:\users\danial\documents\github\rpg\rpgtest\bin\debug\rpgtest.dll" id="f3f8ffc8-003c-074d-44e6-5c097cb3d7bc">
      <Execution id="04858782-7d3e-4919-8d76-7526feddf3d8" />
      <TestMethod codeBase="C:/Users/Danial/Documents/GitHub/RPG/RPGTest/bin/Debug/RPGTest.DLL" adapterTypeName="Microsoft.VisualStudio.TestTools.TestTypes.Unit.UnitTestAdapter, Microsoft.VisualStudio.QualityTools.Tips.UnitTest.Adapter, Version=10.0.0.0, Culture=neutral, PublicKeyToken=b03f5f7f11d50a3a" className="RPGTest.DiceTest, RPGTest, Version=1.0.0.0, Culture=neutral, PublicKeyToken=null" name="NumSidesTest" />
    </UnitTest>
    <UnitTest name="DiceConstructorTest2" storage="c:\users\danial\documents\github\rpg\rpgtest\bin\debug\rpgtest.dll" id="e822823c-0d4e-eb0c-1ce0-ea3eceb72f5a">
      <DeploymentItems>
        <DeploymentItem filename="RPG.dll" />
      </DeploymentItems>
      <Execution id="5e3adbb8-481b-4f4b-9497-20baee7697bf" />
      <TestMethod codeBase="C:/Users/Danial/Documents/GitHub/RPG/RPGTest/bin/Debug/RPGTest.DLL" adapterTypeName="Microsoft.VisualStudio.TestTools.TestTypes.Unit.UnitTestAdapter, Microsoft.VisualStudio.QualityTools.Tips.UnitTest.Adapter, Version=10.0.0.0, Culture=neutral, PublicKeyToken=b03f5f7f11d50a3a" className="RPGTest.DiceTest, RPGTest, Version=1.0.0.0, Culture=neutral, PublicKeyToken=null" name="DiceConstructorTest2" />
    </UnitTest>
    <UnitTest name="RollTest" storage="c:\users\danial\documents\github\rpg\rpgtest\bin\debug\rpgtest.dll" id="b5f319a9-9522-292d-c395-ab0eb954be76">
      <DeploymentItems>
        <DeploymentItem filename="RPG.dll" />
      </DeploymentItems>
      <Execution id="e090fe80-9810-42de-ad67-3e6c872b17fb" />
      <TestMethod codeBase="C:/Users/Danial/Documents/GitHub/RPG/RPGTest/bin/Debug/RPGTest.DLL" adapterTypeName="Microsoft.VisualStudio.TestTools.TestTypes.Unit.UnitTestAdapter, Microsoft.VisualStudio.QualityTools.Tips.UnitTest.Adapter, Version=10.0.0.0, Culture=neutral, PublicKeyToken=b03f5f7f11d50a3a" className="RPGTest.DiceTest, RPGTest, Version=1.0.0.0, Culture=neutral, PublicKeyToken=null" name="RollTest" />
    </UnitTest>
    <UnitTest name="GetDiceTest" storage="c:\users\danial\documents\github\rpg\rpgtest\bin\debug\rpgtest.dll" id="279a8e85-ddf8-7665-200f-f4f87a4989c9">
      <Execution id="74cfdb84-1308-4cef-ae3d-7bd6037d8f2f" />
      <TestMethod codeBase="C:/Users/Danial/Documents/GitHub/RPG/RPGTest/bin/Debug/RPGTest.DLL" adapterTypeName="Microsoft.VisualStudio.TestTools.TestTypes.Unit.UnitTestAdapter, Microsoft.VisualStudio.QualityTools.Tips.UnitTest.Adapter, Version=10.0.0.0, Culture=neutral, PublicKeyToken=b03f5f7f11d50a3a" className="RPGTest.DiceTest, RPGTest, Version=1.0.0.0, Culture=neutral, PublicKeyToken=null" name="GetDiceTest" />
    </UnitTest>
    <UnitTest name="RollTest" storage="c:\users\danial\documents\github\rpg\rpgtest\bin\debug\rpgtest.dll" id="707e507e-fd17-e1bf-275c-0ded5128e2a2">
      <Execution id="fe2b9670-6439-4c6f-9201-ce8ad0b546d2" />
      <TestMethod codeBase="C:/Users/Danial/Documents/GitHub/RPG/RPGTest/bin/Debug/RPGTest.DLL" adapterTypeName="Microsoft.VisualStudio.TestTools.TestTypes.Unit.UnitTestAdapter, Microsoft.VisualStudio.QualityTools.Tips.UnitTest.Adapter, Version=10.0.0.0, Culture=neutral, PublicKeyToken=b03f5f7f11d50a3a" className="RPGTest.DieTest, RPGTest, Version=1.0.0.0, Culture=neutral, PublicKeyToken=null" name="RollTest" />
    </UnitTest>
    <UnitTest name="DieConstructorTest" storage="c:\users\danial\documents\github\rpg\rpgtest\bin\debug\rpgtest.dll" id="f2b0ebc9-92d7-aa3a-55b5-8f79c09df496">
      <Execution id="c35adac7-311b-47c6-a99a-bfbefd5022fa" />
      <TestMethod codeBase="C:/Users/Danial/Documents/GitHub/RPG/RPGTest/bin/Debug/RPGTest.DLL" adapterTypeName="Microsoft.VisualStudio.TestTools.TestTypes.Unit.UnitTestAdapter, Microsoft.VisualStudio.QualityTools.Tips.UnitTest.Adapter, Version=10.0.0.0, Culture=neutral, PublicKeyToken=b03f5f7f11d50a3a" className="RPGTest.DieTest, RPGTest, Version=1.0.0.0, Culture=neutral, PublicKeyToken=null" name="DieConstructorTest" />
    </UnitTest>
    <UnitTest name="DieConstructorTest1" storage="c:\users\danial\documents\github\rpg\rpgtest\bin\debug\rpgtest.dll" id="c99d32b0-3647-8020-20e0-20dc007a0a3d">
      <Execution id="094c8405-5780-4a5b-afe2-f1ee18740eec" />
      <TestMethod codeBase="C:/Users/Danial/Documents/GitHub/RPG/RPGTest/bin/Debug/RPGTest.DLL" adapterTypeName="Microsoft.VisualStudio.TestTools.TestTypes.Unit.UnitTestAdapter, Microsoft.VisualStudio.QualityTools.Tips.UnitTest.Adapter, Version=10.0.0.0, Culture=neutral, PublicKeyToken=b03f5f7f11d50a3a" className="RPGTest.DieTest, RPGTest, Version=1.0.0.0, Culture=neutral, PublicKeyToken=null" name="DieConstructorTest1" />
    </UnitTest>
    <UnitTest name="NumDiceTest" storage="c:\users\danial\documents\github\rpg\rpgtest\bin\debug\rpgtest.dll" id="e7206d31-a737-b5ed-efd9-5d8d311af7d4">
      <Execution id="1ce4f606-dd85-4000-8cf1-1ce533c78211" />
      <TestMethod codeBase="C:/Users/Danial/Documents/GitHub/RPG/RPGTest/bin/Debug/RPGTest.DLL" adapterTypeName="Microsoft.VisualStudio.TestTools.TestTypes.Unit.UnitTestAdapter, Microsoft.VisualStudio.QualityTools.Tips.UnitTest.Adapter, Version=10.0.0.0, Culture=neutral, PublicKeyToken=b03f5f7f11d50a3a" className="RPGTest.DiceTest, RPGTest, Version=1.0.0.0, Culture=neutral, PublicKeyToken=null" name="NumDiceTest" />
    </UnitTest>
    <UnitTest name="RollTest2" storage="c:\users\danial\documents\github\rpg\rpgtest\bin\debug\rpgtest.dll" id="a67aff4f-47d5-debc-6f01-50eccafb381c">
      <DeploymentItems>
        <DeploymentItem filename="RPG.dll" />
      </DeploymentItems>
      <Execution id="7eef4d97-44ca-4b68-8059-44c429a72576" />
      <TestMethod codeBase="C:/Users/Danial/Documents/GitHub/RPG/RPGTest/bin/Debug/RPGTest.DLL" adapterTypeName="Microsoft.VisualStudio.TestTools.TestTypes.Unit.UnitTestAdapter, Microsoft.VisualStudio.QualityTools.Tips.UnitTest.Adapter, Version=10.0.0.0, Culture=neutral, PublicKeyToken=b03f5f7f11d50a3a" className="RPGTest.DiceTest, RPGTest, Version=1.0.0.0, Culture=neutral, PublicKeyToken=null" name="RollTest2" />
    </UnitTest>
    <UnitTest name="DiceConstructorTest1" storage="c:\users\danial\documents\github\rpg\rpgtest\bin\debug\rpgtest.dll" id="3f10c7b7-a313-9cdb-617b-f6b9bb94928e">
      <DeploymentItems>
        <DeploymentItem filename="RPG.dll" />
      </DeploymentItems>
      <Execution id="94519a07-da56-465d-a5ac-59b6dfa82aca" />
      <TestMethod codeBase="C:/Users/Danial/Documents/GitHub/RPG/RPGTest/bin/Debug/RPGTest.DLL" adapterTypeName="Microsoft.VisualStudio.TestTools.TestTypes.Unit.UnitTestAdapter, Microsoft.VisualStudio.QualityTools.Tips.UnitTest.Adapter, Version=10.0.0.0, Culture=neutral, PublicKeyToken=b03f5f7f11d50a3a" className="RPGTest.DiceTest, RPGTest, Version=1.0.0.0, Culture=neutral, PublicKeyToken=null" name="DiceConstructorTest1" />
    </UnitTest>
    <UnitTest name="DiceConstructorTest" storage="c:\users\danial\documents\github\rpg\rpgtest\bin\debug\rpgtest.dll" id="91c5983c-c12f-13b1-8ea7-bada96465f14">
      <DeploymentItems>
        <DeploymentItem filename="RPG.dll" />
      </DeploymentItems>
      <Execution id="aafa7028-ba8d-496f-80fd-d66fb8c88c69" />
      <TestMethod codeBase="C:/Users/Danial/Documents/GitHub/RPG/RPGTest/bin/Debug/RPGTest.DLL" adapterTypeName="Microsoft.VisualStudio.TestTools.TestTypes.Unit.UnitTestAdapter, Microsoft.VisualStudio.QualityTools.Tips.UnitTest.Adapter, Version=10.0.0.0, Culture=neutral, PublicKeyToken=b03f5f7f11d50a3a" className="RPGTest.DiceTest, RPGTest, Version=1.0.0.0, Culture=neutral, PublicKeyToken=null" name="DiceConstructorTest" />
    </UnitTest>
  </TestDefinitions>
  <TestLists>
    <TestList name="Results Not in a List" id="8c84fa94-04c1-424b-9868-57a2d4851a1d" />
    <TestList name="All Loaded Results" id="19431567-8539-422a-85d7-44ee4e166bda" />
  </TestLists>
  <TestEntries>
    <TestEntry testId="279a8e85-ddf8-7665-200f-f4f87a4989c9" executionId="74cfdb84-1308-4cef-ae3d-7bd6037d8f2f" testListId="8c84fa94-04c1-424b-9868-57a2d4851a1d" />
    <TestEntry testId="3f10c7b7-a313-9cdb-617b-f6b9bb94928e" executionId="94519a07-da56-465d-a5ac-59b6dfa82aca" testListId="8c84fa94-04c1-424b-9868-57a2d4851a1d" />
    <TestEntry testId="707e507e-fd17-e1bf-275c-0ded5128e2a2" executionId="fe2b9670-6439-4c6f-9201-ce8ad0b546d2" testListId="8c84fa94-04c1-424b-9868-57a2d4851a1d" />
    <TestEntry testId="91c5983c-c12f-13b1-8ea7-bada96465f14" executionId="aafa7028-ba8d-496f-80fd-d66fb8c88c69" testListId="8c84fa94-04c1-424b-9868-57a2d4851a1d" />
    <TestEntry testId="a67aff4f-47d5-debc-6f01-50eccafb381c" executionId="7eef4d97-44ca-4b68-8059-44c429a72576" testListId="8c84fa94-04c1-424b-9868-57a2d4851a1d" />
    <TestEntry testId="b1cc14e4-6e4b-2742-55fe-6ed71bc67fdf" executionId="3a0a6eca-2b76-4bb3-92b2-9ec06ebdb48d" testListId="8c84fa94-04c1-424b-9868-57a2d4851a1d" />
    <TestEntry testId="b5f319a9-9522-292d-c395-ab0eb954be76" executionId="e090fe80-9810-42de-ad67-3e6c872b17fb" testListId="8c84fa94-04c1-424b-9868-57a2d4851a1d" />
    <TestEntry testId="c99d32b0-3647-8020-20e0-20dc007a0a3d" executionId="094c8405-5780-4a5b-afe2-f1ee18740eec" testListId="8c84fa94-04c1-424b-9868-57a2d4851a1d" />
    <TestEntry testId="e7206d31-a737-b5ed-efd9-5d8d311af7d4" executionId="1ce4f606-dd85-4000-8cf1-1ce533c78211" testListId="8c84fa94-04c1-424b-9868-57a2d4851a1d" />
    <TestEntry testId="e822823c-0d4e-eb0c-1ce0-ea3eceb72f5a" executionId="5e3adbb8-481b-4f4b-9497-20baee7697bf" testListId="8c84fa94-04c1-424b-9868-57a2d4851a1d" />
    <TestEntry testId="f2b0ebc9-92d7-aa3a-55b5-8f79c09df496" executionId="c35adac7-311b-47c6-a99a-bfbefd5022fa" testListId="8c84fa94-04c1-424b-9868-57a2d4851a1d" />
    <TestEntry testId="f3f8ffc8-003c-074d-44e6-5c097cb3d7bc" executionId="04858782-7d3e-4919-8d76-7526feddf3d8" testListId="8c84fa94-04c1-424b-9868-57a2d4851a1d" />
  </TestEntries>
  <Results>
    <UnitTestResult executionId="74cfdb84-1308-4cef-ae3d-7bd6037d8f2f" testId="279a8e85-ddf8-7665-200f-f4f87a4989c9" testName="GetDiceTest" computerName="DANIAL-ASUS" duration="00:00:00.0742293" startTime="2014-06-30T14:08:37.2338454-05:00" endTime="2014-06-30T14:08:37.6791433-05:00" testType="13cdc9d9-ddb5-4fa4-a97d-d965ccfc6d4b" outcome="Failed" testListId="8c84fa94-04c1-424b-9868-57a2d4851a1d" relativeResultsDirectory="74cfdb84-1308-4cef-ae3d-7bd6037d8f2f">
      <Output>
        <ErrorInfo>
          <Message>Assert.AreEqual failed. Expected:&lt;(null)&gt;. Actual:&lt;System.Collections.Generic.List`1[RPG.Die]&gt;. </Message>
          <StackTrace>   at RPGTest.DiceTest.GetDiceTest() in C:\Users\Danial\Documents\GitHub\RPG\RPGTest\DiceTest.cs:line 146
</StackTrace>
        </ErrorInfo>
      </Output>
    </UnitTestResult>
    <UnitTestResult executionId="94519a07-da56-465d-a5ac-59b6dfa82aca" testId="3f10c7b7-a313-9cdb-617b-f6b9bb94928e" testName="DiceConstructorTest1" computerName="DANIAL-ASUS" duration="00:00:00.0012103" startTime="2014-06-30T14:08:37.6831439-05:00" endTime="2014-06-30T14:08:37.7021576-05:00" testType="13cdc9d9-ddb5-4fa4-a97d-d965ccfc6d4b" outcome="Passed" testListId="8c84fa94-04c1-424b-9868-57a2d4851a1d" relativeResultsDirectory="94519a07-da56-465d-a5ac-59b6dfa82aca">
    </UnitTestResult>
    <UnitTestResult executionId="fe2b9670-6439-4c6f-9201-ce8ad0b546d2" testId="707e507e-fd17-e1bf-275c-0ded5128e2a2" testName="RollTest" computerName="DANIAL-ASUS" duration="00:00:00.0041723" startTime="2014-06-30T14:08:37.7081609-05:00" endTime="2014-06-30T14:08:37.7371806-05:00" testType="13cdc9d9-ddb5-4fa4-a97d-d965ccfc6d4b" outcome="Passed" testListId="8c84fa94-04c1-424b-9868-57a2d4851a1d" relativeResultsDirectory="fe2b9670-6439-4c6f-9201-ce8ad0b546d2">
    </UnitTestResult>
    <UnitTestResult executionId="aafa7028-ba8d-496f-80fd-d66fb8c88c69" testId="91c5983c-c12f-13b1-8ea7-bada96465f14" testName="DiceConstructorTest" computerName="DANIAL-ASUS" duration="00:00:00.0046875" startTime="2014-06-30T14:08:37.7411826-05:00" endTime="2014-06-30T14:08:37.7601956-05:00" testType="13cdc9d9-ddb5-4fa4-a97d-d965ccfc6d4b" outcome="Passed" testListId="8c84fa94-04c1-424b-9868-57a2d4851a1d" relativeResultsDirectory="aafa7028-ba8d-496f-80fd-d66fb8c88c69">
    </UnitTestResult>
    <UnitTestResult executionId="7eef4d97-44ca-4b68-8059-44c429a72576" testId="a67aff4f-47d5-debc-6f01-50eccafb381c" testName="RollTest2" computerName="DANIAL-ASUS" duration="00:00:00.0050720" startTime="2014-06-30T14:08:37.7651986-05:00" endTime="2014-06-30T14:08:37.7962203-05:00" testType="13cdc9d9-ddb5-4fa4-a97d-d965ccfc6d4b" outcome="Passed" testListId="8c84fa94-04c1-424b-9868-57a2d4851a1d" relativeResultsDirectory="7eef4d97-44ca-4b68-8059-44c429a72576">
    </UnitTestResult>
    <UnitTestResult executionId="3a0a6eca-2b76-4bb3-92b2-9ec06ebdb48d" testId="b1cc14e4-6e4b-2742-55fe-6ed71bc67fdf" testName="NumSidesTest" computerName="DANIAL-ASUS" duration="00:00:00.0003058" startTime="2014-06-30T14:08:37.8012233-05:00" endTime="2014-06-30T14:08:37.8152319-05:00" testType="13cdc9d9-ddb5-4fa4-a97d-d965ccfc6d4b" outcome="Passed" testListId="8c84fa94-04c1-424b-9868-57a2d4851a1d" relativeResultsDirectory="3a0a6eca-2b76-4bb3-92b2-9ec06ebdb48d">
    </UnitTestResult>
    <UnitTestResult executionId="e090fe80-9810-42de-ad67-3e6c872b17fb" testId="b5f319a9-9522-292d-c395-ab0eb954be76" testName="RollTest" computerName="DANIAL-ASUS" duration="00:00:00.0035722" startTime="2014-06-30T14:08:37.8202349-05:00" endTime="2014-06-30T14:08:37.8352453-05:00" testType="13cdc9d9-ddb5-4fa4-a97d-d965ccfc6d4b" outcome="Passed" testListId="8c84fa94-04c1-424b-9868-57a2d4851a1d" relativeResultsDirectory="e090fe80-9810-42de-ad67-3e6c872b17fb">
    </UnitTestResult>
    <UnitTestResult executionId="094c8405-5780-4a5b-afe2-f1ee18740eec" testId="c99d32b0-3647-8020-20e0-20dc007a0a3d" testName="DieConstructorTest1" computerName="DANIAL-ASUS" duration="00:00:00.0004734" startTime="2014-06-30T14:08:37.8382469-05:00" endTime="2014-06-30T14:08:37.8512559-05:00" testType="13cdc9d9-ddb5-4fa4-a97d-d965ccfc6d4b" outcome="Passed" testListId="8c84fa94-04c1-424b-9868-57a2d4851a1d" relativeResultsDirectory="094c8405-5780-4a5b-afe2-f1ee18740eec">
    </UnitTestResult>
    <UnitTestResult executionId="1ce4f606-dd85-4000-8cf1-1ce533c78211" testId="e7206d31-a737-b5ed-efd9-5d8d311af7d4" testName="NumDiceTest" computerName="DANIAL-ASUS" duration="00:00:00.0033109" startTime="2014-06-30T14:08:37.8552586-05:00" endTime="2014-06-30T14:08:37.8692680-05:00" testType="13cdc9d9-ddb5-4fa4-a97d-d965ccfc6d4b" outcome="Failed" testListId="8c84fa94-04c1-424b-9868-57a2d4851a1d" relativeResultsDirectory="1ce4f606-dd85-4000-8cf1-1ce533c78211">
      <Output>
        <ErrorInfo>
          <Message>Assert.AreEqual failed. Expected:&lt;0&gt;. Actual:&lt;1&gt;. </Message>
          <StackTrace>   at RPGTest.DiceTest.NumDiceTest() in C:\Users\Danial\Documents\GitHub\RPG\RPGTest\DiceTest.cs:line 160
</StackTrace>
        </ErrorInfo>
      </Output>
    </UnitTestResult>
    <UnitTestResult executionId="5e3adbb8-481b-4f4b-9497-20baee7697bf" testId="e822823c-0d4e-eb0c-1ce0-ea3eceb72f5a" testName="DiceConstructorTest2" computerName="DANIAL-ASUS" duration="00:00:00.0003633" startTime="2014-06-30T14:08:37.8742723-05:00" endTime="2014-06-30T14:08:37.8892813-05:00" testType="13cdc9d9-ddb5-4fa4-a97d-d965ccfc6d4b" outcome="Passed" testListId="8c84fa94-04c1-424b-9868-57a2d4851a1d" relativeResultsDirectory="5e3adbb8-481b-4f4b-9497-20baee7697bf">
    </UnitTestResult>
    <UnitTestResult executionId="c35adac7-311b-47c6-a99a-bfbefd5022fa" testId="f2b0ebc9-92d7-aa3a-55b5-8f79c09df496" testName="DieConstructorTest" computerName="DANIAL-ASUS" duration="00:00:00.0003297" startTime="2014-06-30T14:08:37.8952853-05:00" endTime="2014-06-30T14:08:37.9032906-05:00" testType="13cdc9d9-ddb5-4fa4-a97d-d965ccfc6d4b" outcome="Passed" testListId="8c84fa94-04c1-424b-9868-57a2d4851a1d" relativeResultsDirectory="c35adac7-311b-47c6-a99a-bfbefd5022fa">
    </UnitTestResult>
    <UnitTestResult executionId="04858782-7d3e-4919-8d76-7526feddf3d8" testId="f3f8ffc8-003c-074d-44e6-5c097cb3d7bc" testName="NumSidesTest" computerName="DANIAL-ASUS" duration="00:00:00.0036742" startTime="2014-06-30T14:08:37.9062930-05:00" endTime="2014-06-30T14:08:37.9203023-05:00" testType="13cdc9d9-ddb5-4fa4-a97d-d965ccfc6d4b" outcome="Failed" testListId="8c84fa94-04c1-424b-9868-57a2d4851a1d" relativeResultsDirectory="04858782-7d3e-4919-8d76-7526feddf3d8">
      <Output>
        <ErrorInfo>
          <Message>Assert.AreEqual failed. Expected:&lt;0&gt;. Actual:&lt;20&gt;. </Message>
          <StackTrace>   at RPGTest.DiceTest.NumSidesTest() in C:\Users\Danial\Documents\GitHub\RPG\RPGTest\DiceTest.cs:line 174
</StackTrace>
        </ErrorInfo>
      </Output>
    </UnitTestResult>
  </Results>
</TestRun>