<?xml version="1.0" encoding="UTF-8"?>
<TestRun id="b6a8806f-5412-49ee-b283-dc18bd506e71" name="Danial@DANIAL-ASUS 2015-02-10 22:12:43" runUser="DANIAL-ASUS\Danial" xmlns="http://microsoft.com/schemas/VisualStudio/TeamTest/2010">
  <TestSettings name="Local" id="f4099e50-5f7e-4d66-893f-f079ed6f6c67">
    <Description>These are default test settings for a local test run.</Description>
    <Deployment enabled="false" runDeploymentRoot="Danial_DANIAL-ASUS 2015-02-10 22_12_43">
      <DeploymentItem filename="C:\Users\Danial\Documents\GitHub\RPG\Assemblies\RPG.RollDice.dll" />
      <DeploymentItem filename="C:\Users\Danial\Documents\GitHub\RPG\Assemblies\RPG.exe" />
      <DeploymentItem filename="C:\Users\Danial\Documents\GitHub\RPG\Assemblies\RPG.Character.dll" />
      <DeploymentItem filename="C:\Users\Danial\Documents\GitHub\RPG\Assemblies\RPG.Equipment.dll" />
      <DeploymentItem filename="C:\Users\Danial\Documents\GitHub\RPG\Assemblies\RPG.General.dll" />
    </Deployment>
    <Execution>
      <TestTypeSpecific />
      <AgentRule name="Execution Agents">
      </AgentRule>
    </Execution>
  </TestSettings>
  <Times creation="2015-02-10T22:12:43.0313267-06:00" queuing="2015-02-10T22:12:45.6201118-06:00" start="2015-02-10T22:12:45.8312512-06:00" finish="2015-02-10T22:15:56.5213429-06:00" />
  <ResultSummary outcome="Error">
    <Counters total="26" executed="17" passed="16" error="0" failed="0" timeout="0" aborted="1" inconclusive="0" passedButRunAborted="0" notRunnable="0" notExecuted="9" disconnected="0" warning="0" completed="0" inProgress="0" pending="0" />
    <RunInfos>
      <RunInfo computerName="DANIAL-ASUS" outcome="Error" timestamp="2015-02-10T22:15:56.4332841-06:00">
        <Text>Test host process exited unexpectedly.</Text>
      </RunInfo>
    </RunInfos>
  </ResultSummary>
  <TestDefinitions>
    <UnitTest name="GetDiceTest" storage="c:\users\danial\documents\github\rpg\assemblies\rpgtest.dll" id="10b46630-64c7-73ea-8b02-70979e2ebebb">
      <Execution id="6aff4846-6afc-4244-87d9-4c53d950aedf" />
      <TestMethod codeBase="C:/Users/Danial/Documents/GitHub/RPG/Assemblies/RPGTest.DLL" adapterTypeName="Microsoft.VisualStudio.TestTools.TestTypes.Unit.UnitTestAdapter, Microsoft.VisualStudio.QualityTools.Tips.UnitTest.Adapter, Version=10.0.0.0, Culture=neutral, PublicKeyToken=b03f5f7f11d50a3a" className="DiceTest.DiceTest, RPGTest, Version=1.0.0.0, Culture=neutral, PublicKeyToken=null" name="GetDiceTest" />
    </UnitTest>
    <UnitTest name="RollTest1d1Mul3" storage="c:\users\danial\documents\github\rpg\assemblies\rpgtest.dll" id="594f7b09-c534-fbe8-9d4a-1cba099beed5">
      <Execution id="91605740-6eec-4926-b949-2f9295bc09e7" />
      <TestMethod codeBase="C:/Users/Danial/Documents/GitHub/RPG/Assemblies/RPGTest.DLL" adapterTypeName="Microsoft.VisualStudio.TestTools.TestTypes.Unit.UnitTestAdapter, Microsoft.VisualStudio.QualityTools.Tips.UnitTest.Adapter, Version=10.0.0.0, Culture=neutral, PublicKeyToken=b03f5f7f11d50a3a" className="RPGTest.DiceParserTest, RPGTest, Version=1.0.0.0, Culture=neutral, PublicKeyToken=null" name="RollTest1d1Mul3" />
    </UnitTest>
    <UnitTest name="AttackGT0" storage="c:\users\danial\documents\github\rpg\assemblies\rpgtest.dll" id="28b10db6-9da0-ace3-f091-40803b084a94">
      <Execution id="3855bbc9-d986-446e-a1ec-9540d3c31475" />
      <TestMethod codeBase="C:/Users/Danial/Documents/GitHub/RPG/Assemblies/RPGTest.DLL" adapterTypeName="Microsoft.VisualStudio.TestTools.TestTypes.Unit.UnitTestAdapter, Microsoft.VisualStudio.QualityTools.Tips.UnitTest.Adapter, Version=10.0.0.0, Culture=neutral, PublicKeyToken=b03f5f7f11d50a3a" className="RPGTest.AttackTest, RPGTest, Version=1.0.0.0, Culture=neutral, PublicKeyToken=null" name="AttackGT0" />
    </UnitTest>
    <UnitTest name="RollTest" storage="c:\users\danial\documents\github\rpg\assemblies\rpgtest.dll" id="707e507e-fd17-e1bf-275c-0ded5128e2a2">
      <Execution id="c217570f-10b2-4fc4-8522-918dc89ddbac" />
      <TestMethod codeBase="C:/Users/Danial/Documents/GitHub/RPG/Assemblies/RPGTest.DLL" adapterTypeName="Microsoft.VisualStudio.TestTools.TestTypes.Unit.UnitTestAdapter, Microsoft.VisualStudio.QualityTools.Tips.UnitTest.Adapter, Version=10.0.0.0, Culture=neutral, PublicKeyToken=b03f5f7f11d50a3a" className="RPGTest.DieTest, RPGTest, Version=1.0.0.0, Culture=neutral, PublicKeyToken=null" name="RollTest" />
    </UnitTest>
    <UnitTest name="DieConstructorTest" storage="c:\users\danial\documents\github\rpg\assemblies\rpgtest.dll" id="f2b0ebc9-92d7-aa3a-55b5-8f79c09df496">
      <Execution id="d4347bba-5a54-489a-a391-c916a059b1ce" />
      <TestMethod codeBase="C:/Users/Danial/Documents/GitHub/RPG/Assemblies/RPGTest.DLL" adapterTypeName="Microsoft.VisualStudio.TestTools.TestTypes.Unit.UnitTestAdapter, Microsoft.VisualStudio.QualityTools.Tips.UnitTest.Adapter, Version=10.0.0.0, Culture=neutral, PublicKeyToken=b03f5f7f11d50a3a" className="RPGTest.DieTest, RPGTest, Version=1.0.0.0, Culture=neutral, PublicKeyToken=null" name="DieConstructorTest" />
    </UnitTest>
    <UnitTest name="RollTest1d1Add1Sub1" storage="c:\users\danial\documents\github\rpg\assemblies\rpgtest.dll" id="749c9363-176f-3ec8-18aa-70765e5a0b66">
      <Execution id="6795adcc-3a0f-4ea8-9d58-692429c978b9" />
      <TestMethod codeBase="C:/Users/Danial/Documents/GitHub/RPG/Assemblies/RPGTest.DLL" adapterTypeName="Microsoft.VisualStudio.TestTools.TestTypes.Unit.UnitTestAdapter, Microsoft.VisualStudio.QualityTools.Tips.UnitTest.Adapter, Version=10.0.0.0, Culture=neutral, PublicKeyToken=b03f5f7f11d50a3a" className="RPGTest.DiceParserTest, RPGTest, Version=1.0.0.0, Culture=neutral, PublicKeyToken=null" name="RollTest1d1Add1Sub1" />
    </UnitTest>
    <UnitTest name="DiceConstructorTest1" storage="c:\users\danial\documents\github\rpg\assemblies\rpgtest.dll" id="2b22852c-b229-a3df-f670-e43eef830035">
      <Execution id="40af5efa-328a-4827-b312-b09f2b6d7140" />
      <TestMethod codeBase="C:/Users/Danial/Documents/GitHub/RPG/Assemblies/RPGTest.DLL" adapterTypeName="Microsoft.VisualStudio.TestTools.TestTypes.Unit.UnitTestAdapter, Microsoft.VisualStudio.QualityTools.Tips.UnitTest.Adapter, Version=10.0.0.0, Culture=neutral, PublicKeyToken=b03f5f7f11d50a3a" className="DiceTest.DiceTest, RPGTest, Version=1.0.0.0, Culture=neutral, PublicKeyToken=null" name="DiceConstructorTest1" />
    </UnitTest>
    <UnitTest name="NumDiceTest" storage="c:\users\danial\documents\github\rpg\assemblies\rpgtest.dll" id="077ad45b-ab74-42ef-0b4b-0c2d5cd35adc">
      <Execution id="99f6d36c-71f0-42aa-9006-8cbeff2a855c" />
      <TestMethod codeBase="C:/Users/Danial/Documents/GitHub/RPG/Assemblies/RPGTest.DLL" adapterTypeName="Microsoft.VisualStudio.TestTools.TestTypes.Unit.UnitTestAdapter, Microsoft.VisualStudio.QualityTools.Tips.UnitTest.Adapter, Version=10.0.0.0, Culture=neutral, PublicKeyToken=b03f5f7f11d50a3a" className="DiceTest.DiceTest, RPGTest, Version=1.0.0.0, Culture=neutral, PublicKeyToken=null" name="NumDiceTest" />
    </UnitTest>
    <UnitTest name="RollTest2d1Mul3d1" storage="c:\users\danial\documents\github\rpg\assemblies\rpgtest.dll" id="a39910d9-a185-216a-6496-802afb0d62c8">
      <Execution id="5d4d06a2-8916-415e-9261-78f8a1f793ac" />
      <TestMethod codeBase="C:/Users/Danial/Documents/GitHub/RPG/Assemblies/RPGTest.DLL" adapterTypeName="Microsoft.VisualStudio.TestTools.TestTypes.Unit.UnitTestAdapter, Microsoft.VisualStudio.QualityTools.Tips.UnitTest.Adapter, Version=10.0.0.0, Culture=neutral, PublicKeyToken=b03f5f7f11d50a3a" className="RPGTest.DiceParserTest, RPGTest, Version=1.0.0.0, Culture=neutral, PublicKeyToken=null" name="RollTest2d1Mul3d1" />
    </UnitTest>
    <UnitTest name="RollTest1d1Add1" storage="c:\users\danial\documents\github\rpg\assemblies\rpgtest.dll" id="d5c306b1-ba41-3ceb-a229-57b2f161b761">
      <Execution id="a3e57c55-7a98-4063-900f-b10890faa2fd" />
      <TestMethod codeBase="C:/Users/Danial/Documents/GitHub/RPG/Assemblies/RPGTest.DLL" adapterTypeName="Microsoft.VisualStudio.TestTools.TestTypes.Unit.UnitTestAdapter, Microsoft.VisualStudio.QualityTools.Tips.UnitTest.Adapter, Version=10.0.0.0, Culture=neutral, PublicKeyToken=b03f5f7f11d50a3a" className="RPGTest.DiceParserTest, RPGTest, Version=1.0.0.0, Culture=neutral, PublicKeyToken=null" name="RollTest1d1Add1" />
    </UnitTest>
    <UnitTest name="AttackTill0Health" storage="c:\users\danial\documents\github\rpg\assemblies\rpgtest.dll" id="a505525e-a191-9607-2c92-81984158235f">
      <Execution id="31546ebf-4d62-4ff8-8057-c61d8ed0973c" />
      <TestMethod codeBase="C:/Users/Danial/Documents/GitHub/RPG/Assemblies/RPGTest.DLL" adapterTypeName="Microsoft.VisualStudio.TestTools.TestTypes.Unit.UnitTestAdapter, Microsoft.VisualStudio.QualityTools.Tips.UnitTest.Adapter, Version=10.0.0.0, Culture=neutral, PublicKeyToken=b03f5f7f11d50a3a" className="RPGTest.AttackTest, RPGTest, Version=1.0.0.0, Culture=neutral, PublicKeyToken=null" name="AttackTill0Health" />
    </UnitTest>
    <UnitTest name="RollTest2" storage="c:\users\danial\documents\github\rpg\assemblies\rpgtest.dll" id="9e704be5-1f61-cb23-4572-39595216ece1">
      <Execution id="98a43a2c-7e26-4f7b-b30a-3ff00bb968ce" />
      <TestMethod codeBase="C:/Users/Danial/Documents/GitHub/RPG/Assemblies/RPGTest.DLL" adapterTypeName="Microsoft.VisualStudio.TestTools.TestTypes.Unit.UnitTestAdapter, Microsoft.VisualStudio.QualityTools.Tips.UnitTest.Adapter, Version=10.0.0.0, Culture=neutral, PublicKeyToken=b03f5f7f11d50a3a" className="DiceTest.DiceTest, RPGTest, Version=1.0.0.0, Culture=neutral, PublicKeyToken=null" name="RollTest2" />
    </UnitTest>
    <UnitTest name="DiceConstructorTest" storage="c:\users\danial\documents\github\rpg\assemblies\rpgtest.dll" id="b8442ab2-64ed-2eed-a12f-f5e5d069c78c">
      <Execution id="46786e24-b475-42e2-a8ea-2c4ce11429a3" />
      <TestMethod codeBase="C:/Users/Danial/Documents/GitHub/RPG/Assemblies/RPGTest.DLL" adapterTypeName="Microsoft.VisualStudio.TestTools.TestTypes.Unit.UnitTestAdapter, Microsoft.VisualStudio.QualityTools.Tips.UnitTest.Adapter, Version=10.0.0.0, Culture=neutral, PublicKeyToken=b03f5f7f11d50a3a" className="DiceTest.DiceTest, RPGTest, Version=1.0.0.0, Culture=neutral, PublicKeyToken=null" name="DiceConstructorTest" />
    </UnitTest>
    <UnitTest name="RollTest1d1" storage="c:\users\danial\documents\github\rpg\assemblies\rpgtest.dll" id="075434e3-e103-d829-5145-c369a2860765">
      <Execution id="1ad2c650-55a8-4c99-8aa4-c0e271079b04" />
      <TestMethod codeBase="C:/Users/Danial/Documents/GitHub/RPG/Assemblies/RPGTest.DLL" adapterTypeName="Microsoft.VisualStudio.TestTools.TestTypes.Unit.UnitTestAdapter, Microsoft.VisualStudio.QualityTools.Tips.UnitTest.Adapter, Version=10.0.0.0, Culture=neutral, PublicKeyToken=b03f5f7f11d50a3a" className="RPGTest.DiceParserTest, RPGTest, Version=1.0.0.0, Culture=neutral, PublicKeyToken=null" name="RollTest1d1" />
    </UnitTest>
    <UnitTest name="RollTest3d1Sub1d1" storage="c:\users\danial\documents\github\rpg\assemblies\rpgtest.dll" id="3e5b43b0-f69e-6036-78d9-8b8fa5112ba9">
      <Execution id="144063d0-d632-4438-956b-7206f78f99d1" />
      <TestMethod codeBase="C:/Users/Danial/Documents/GitHub/RPG/Assemblies/RPGTest.DLL" adapterTypeName="Microsoft.VisualStudio.TestTools.TestTypes.Unit.UnitTestAdapter, Microsoft.VisualStudio.QualityTools.Tips.UnitTest.Adapter, Version=10.0.0.0, Culture=neutral, PublicKeyToken=b03f5f7f11d50a3a" className="RPGTest.DiceParserTest, RPGTest, Version=1.0.0.0, Culture=neutral, PublicKeyToken=null" name="RollTest3d1Sub1d1" />
    </UnitTest>
    <UnitTest name="RollTest" storage="c:\users\danial\documents\github\rpg\assemblies\rpgtest.dll" id="903935d3-25d5-d930-ec68-93591a39bb1c">
      <Execution id="64a0c8b5-fa4f-4342-bcd7-4be2acb00ba8" />
      <TestMethod codeBase="C:/Users/Danial/Documents/GitHub/RPG/Assemblies/RPGTest.DLL" adapterTypeName="Microsoft.VisualStudio.TestTools.TestTypes.Unit.UnitTestAdapter, Microsoft.VisualStudio.QualityTools.Tips.UnitTest.Adapter, Version=10.0.0.0, Culture=neutral, PublicKeyToken=b03f5f7f11d50a3a" className="DiceTest.DiceTest, RPGTest, Version=1.0.0.0, Culture=neutral, PublicKeyToken=null" name="RollTest" />
    </UnitTest>
    <UnitTest name="RollTest1d1Add1Mul3" storage="c:\users\danial\documents\github\rpg\assemblies\rpgtest.dll" id="07d35cc0-5f84-71b9-c09d-3470390d331a">
      <Execution id="fa1e3be8-3c63-4d0a-ab36-4652008dbf9e" />
      <TestMethod codeBase="C:/Users/Danial/Documents/GitHub/RPG/Assemblies/RPGTest.DLL" adapterTypeName="Microsoft.VisualStudio.TestTools.TestTypes.Unit.UnitTestAdapter, Microsoft.VisualStudio.QualityTools.Tips.UnitTest.Adapter, Version=10.0.0.0, Culture=neutral, PublicKeyToken=b03f5f7f11d50a3a" className="RPGTest.DiceParserTest, RPGTest, Version=1.0.0.0, Culture=neutral, PublicKeyToken=null" name="RollTest1d1Add1Mul3" />
    </UnitTest>
    <UnitTest name="RollTest1d1Add1Add1" storage="c:\users\danial\documents\github\rpg\assemblies\rpgtest.dll" id="c45b81b6-2679-7675-5083-89585994de9d">
      <Execution id="970752ef-e26e-4611-a581-a86ff7c6e357" />
      <TestMethod codeBase="C:/Users/Danial/Documents/GitHub/RPG/Assemblies/RPGTest.DLL" adapterTypeName="Microsoft.VisualStudio.TestTools.TestTypes.Unit.UnitTestAdapter, Microsoft.VisualStudio.QualityTools.Tips.UnitTest.Adapter, Version=10.0.0.0, Culture=neutral, PublicKeyToken=b03f5f7f11d50a3a" className="RPGTest.DiceParserTest, RPGTest, Version=1.0.0.0, Culture=neutral, PublicKeyToken=null" name="RollTest1d1Add1Add1" />
    </UnitTest>
    <UnitTest name="NumSidesTest" storage="c:\users\danial\documents\github\rpg\assemblies\rpgtest.dll" id="2a5b5490-4429-18c0-4143-bd4b238e9f5a">
      <Execution id="78b73349-05da-42e7-b9a6-f03cfb6189e0" />
      <TestMethod codeBase="C:/Users/Danial/Documents/GitHub/RPG/Assemblies/RPGTest.DLL" adapterTypeName="Microsoft.VisualStudio.TestTools.TestTypes.Unit.UnitTestAdapter, Microsoft.VisualStudio.QualityTools.Tips.UnitTest.Adapter, Version=10.0.0.0, Culture=neutral, PublicKeyToken=b03f5f7f11d50a3a" className="DiceTest.DiceTest, RPGTest, Version=1.0.0.0, Culture=neutral, PublicKeyToken=null" name="NumSidesTest" />
    </UnitTest>
    <UnitTest name="RollTest1d1Add3d1" storage="c:\users\danial\documents\github\rpg\assemblies\rpgtest.dll" id="df1b4648-1710-c997-2724-7e108ca2e85b">
      <Execution id="54b33362-4fdd-44a0-a466-1599851c9f7b" />
      <TestMethod codeBase="C:/Users/Danial/Documents/GitHub/RPG/Assemblies/RPGTest.DLL" adapterTypeName="Microsoft.VisualStudio.TestTools.TestTypes.Unit.UnitTestAdapter, Microsoft.VisualStudio.QualityTools.Tips.UnitTest.Adapter, Version=10.0.0.0, Culture=neutral, PublicKeyToken=b03f5f7f11d50a3a" className="RPGTest.DiceParserTest, RPGTest, Version=1.0.0.0, Culture=neutral, PublicKeyToken=null" name="RollTest1d1Add3d1" />
    </UnitTest>
    <UnitTest name="NumSidesTest" storage="c:\users\danial\documents\github\rpg\assemblies\rpgtest.dll" id="b1cc14e4-6e4b-2742-55fe-6ed71bc67fdf">
      <Execution id="693750a1-b881-4ac5-9e48-f5eb3cf38dcf" />
      <TestMethod codeBase="C:/Users/Danial/Documents/GitHub/RPG/Assemblies/RPGTest.DLL" adapterTypeName="Microsoft.VisualStudio.TestTools.TestTypes.Unit.UnitTestAdapter, Microsoft.VisualStudio.QualityTools.Tips.UnitTest.Adapter, Version=10.0.0.0, Culture=neutral, PublicKeyToken=b03f5f7f11d50a3a" className="RPGTest.DieTest, RPGTest, Version=1.0.0.0, Culture=neutral, PublicKeyToken=null" name="NumSidesTest" />
    </UnitTest>
    <UnitTest name="DiceConstructorTest2" storage="c:\users\danial\documents\github\rpg\assemblies\rpgtest.dll" id="3e79dc15-bb28-70cc-2b9f-2bd4072d26d9">
      <Execution id="e4e78db2-8e3a-4c1a-a737-eea7fbb3ad19" />
      <TestMethod codeBase="C:/Users/Danial/Documents/GitHub/RPG/Assemblies/RPGTest.DLL" adapterTypeName="Microsoft.VisualStudio.TestTools.TestTypes.Unit.UnitTestAdapter, Microsoft.VisualStudio.QualityTools.Tips.UnitTest.Adapter, Version=10.0.0.0, Culture=neutral, PublicKeyToken=b03f5f7f11d50a3a" className="DiceTest.DiceTest, RPGTest, Version=1.0.0.0, Culture=neutral, PublicKeyToken=null" name="DiceConstructorTest2" />
    </UnitTest>
    <UnitTest name="RollTest1d1Sub1" storage="c:\users\danial\documents\github\rpg\assemblies\rpgtest.dll" id="b10ebec1-2ac3-f1ca-ba26-6e1ad7d7075a">
      <Execution id="205fa028-f9de-49cf-b673-bd0ebc52dd7e" />
      <TestMethod codeBase="C:/Users/Danial/Documents/GitHub/RPG/Assemblies/RPGTest.DLL" adapterTypeName="Microsoft.VisualStudio.TestTools.TestTypes.Unit.UnitTestAdapter, Microsoft.VisualStudio.QualityTools.Tips.UnitTest.Adapter, Version=10.0.0.0, Culture=neutral, PublicKeyToken=b03f5f7f11d50a3a" className="RPGTest.DiceParserTest, RPGTest, Version=1.0.0.0, Culture=neutral, PublicKeyToken=null" name="RollTest1d1Sub1" />
    </UnitTest>
    <UnitTest name="DieConstructorTest1" storage="c:\users\danial\documents\github\rpg\assemblies\rpgtest.dll" id="c99d32b0-3647-8020-20e0-20dc007a0a3d">
      <Execution id="43a32480-a4b4-4d3d-930c-25a5c4559ad0" />
      <TestMethod codeBase="C:/Users/Danial/Documents/GitHub/RPG/Assemblies/RPGTest.DLL" adapterTypeName="Microsoft.VisualStudio.TestTools.TestTypes.Unit.UnitTestAdapter, Microsoft.VisualStudio.QualityTools.Tips.UnitTest.Adapter, Version=10.0.0.0, Culture=neutral, PublicKeyToken=b03f5f7f11d50a3a" className="RPGTest.DieTest, RPGTest, Version=1.0.0.0, Culture=neutral, PublicKeyToken=null" name="DieConstructorTest1" />
    </UnitTest>
    <UnitTest name="RollTest1d1Mul0" storage="c:\users\danial\documents\github\rpg\assemblies\rpgtest.dll" id="f2c43a54-11e4-ccba-49c8-4a3ee377f3a1">
      <Execution id="d67c55f1-aaeb-4ce5-afba-2ebf91c2632c" />
      <TestMethod codeBase="C:/Users/Danial/Documents/GitHub/RPG/Assemblies/RPGTest.DLL" adapterTypeName="Microsoft.VisualStudio.TestTools.TestTypes.Unit.UnitTestAdapter, Microsoft.VisualStudio.QualityTools.Tips.UnitTest.Adapter, Version=10.0.0.0, Culture=neutral, PublicKeyToken=b03f5f7f11d50a3a" className="RPGTest.DiceParserTest, RPGTest, Version=1.0.0.0, Culture=neutral, PublicKeyToken=null" name="RollTest1d1Mul0" />
    </UnitTest>
    <UnitTest name="RollTest1" storage="c:\users\danial\documents\github\rpg\assemblies\rpgtest.dll" id="9f743059-7240-8918-bfad-bd23f3903cee">
      <Execution id="8be12c18-1adc-42ba-bbe4-e0799eb22650" />
      <TestMethod codeBase="C:/Users/Danial/Documents/GitHub/RPG/Assemblies/RPGTest.DLL" adapterTypeName="Microsoft.VisualStudio.TestTools.TestTypes.Unit.UnitTestAdapter, Microsoft.VisualStudio.QualityTools.Tips.UnitTest.Adapter, Version=10.0.0.0, Culture=neutral, PublicKeyToken=b03f5f7f11d50a3a" className="RPGTest.DiceParserTest, RPGTest, Version=1.0.0.0, Culture=neutral, PublicKeyToken=null" name="RollTest1" />
    </UnitTest>
  </TestDefinitions>
  <TestLists>
    <TestList name="Results Not in a List" id="8c84fa94-04c1-424b-9868-57a2d4851a1d" />
    <TestList name="All Loaded Results" id="19431567-8539-422a-85d7-44ee4e166bda" />
  </TestLists>
  <TestEntries>
    <TestEntry testId="075434e3-e103-d829-5145-c369a2860765" executionId="1ad2c650-55a8-4c99-8aa4-c0e271079b04" testListId="8c84fa94-04c1-424b-9868-57a2d4851a1d" />
    <TestEntry testId="077ad45b-ab74-42ef-0b4b-0c2d5cd35adc" executionId="99f6d36c-71f0-42aa-9006-8cbeff2a855c" testListId="8c84fa94-04c1-424b-9868-57a2d4851a1d" />
    <TestEntry testId="07d35cc0-5f84-71b9-c09d-3470390d331a" executionId="fa1e3be8-3c63-4d0a-ab36-4652008dbf9e" testListId="8c84fa94-04c1-424b-9868-57a2d4851a1d" />
    <TestEntry testId="10b46630-64c7-73ea-8b02-70979e2ebebb" executionId="6aff4846-6afc-4244-87d9-4c53d950aedf" testListId="8c84fa94-04c1-424b-9868-57a2d4851a1d" />
    <TestEntry testId="28b10db6-9da0-ace3-f091-40803b084a94" executionId="3855bbc9-d986-446e-a1ec-9540d3c31475" testListId="8c84fa94-04c1-424b-9868-57a2d4851a1d" />
    <TestEntry testId="2a5b5490-4429-18c0-4143-bd4b238e9f5a" executionId="78b73349-05da-42e7-b9a6-f03cfb6189e0" testListId="8c84fa94-04c1-424b-9868-57a2d4851a1d" />
    <TestEntry testId="2b22852c-b229-a3df-f670-e43eef830035" executionId="40af5efa-328a-4827-b312-b09f2b6d7140" testListId="8c84fa94-04c1-424b-9868-57a2d4851a1d" />
    <TestEntry testId="3e5b43b0-f69e-6036-78d9-8b8fa5112ba9" executionId="144063d0-d632-4438-956b-7206f78f99d1" testListId="8c84fa94-04c1-424b-9868-57a2d4851a1d" />
    <TestEntry testId="3e79dc15-bb28-70cc-2b9f-2bd4072d26d9" executionId="e4e78db2-8e3a-4c1a-a737-eea7fbb3ad19" testListId="8c84fa94-04c1-424b-9868-57a2d4851a1d" />
    <TestEntry testId="594f7b09-c534-fbe8-9d4a-1cba099beed5" executionId="91605740-6eec-4926-b949-2f9295bc09e7" testListId="8c84fa94-04c1-424b-9868-57a2d4851a1d" />
    <TestEntry testId="707e507e-fd17-e1bf-275c-0ded5128e2a2" executionId="c217570f-10b2-4fc4-8522-918dc89ddbac" testListId="8c84fa94-04c1-424b-9868-57a2d4851a1d" />
    <TestEntry testId="749c9363-176f-3ec8-18aa-70765e5a0b66" executionId="6795adcc-3a0f-4ea8-9d58-692429c978b9" testListId="8c84fa94-04c1-424b-9868-57a2d4851a1d" />
    <TestEntry testId="903935d3-25d5-d930-ec68-93591a39bb1c" executionId="64a0c8b5-fa4f-4342-bcd7-4be2acb00ba8" testListId="8c84fa94-04c1-424b-9868-57a2d4851a1d" />
    <TestEntry testId="9e704be5-1f61-cb23-4572-39595216ece1" executionId="98a43a2c-7e26-4f7b-b30a-3ff00bb968ce" testListId="8c84fa94-04c1-424b-9868-57a2d4851a1d" />
    <TestEntry testId="9f743059-7240-8918-bfad-bd23f3903cee" executionId="8be12c18-1adc-42ba-bbe4-e0799eb22650" testListId="8c84fa94-04c1-424b-9868-57a2d4851a1d" />
    <TestEntry testId="a39910d9-a185-216a-6496-802afb0d62c8" executionId="5d4d06a2-8916-415e-9261-78f8a1f793ac" testListId="8c84fa94-04c1-424b-9868-57a2d4851a1d" />
    <TestEntry testId="a505525e-a191-9607-2c92-81984158235f" executionId="31546ebf-4d62-4ff8-8057-c61d8ed0973c" testListId="8c84fa94-04c1-424b-9868-57a2d4851a1d" />
    <TestEntry testId="b10ebec1-2ac3-f1ca-ba26-6e1ad7d7075a" executionId="205fa028-f9de-49cf-b673-bd0ebc52dd7e" testListId="8c84fa94-04c1-424b-9868-57a2d4851a1d" />
    <TestEntry testId="b1cc14e4-6e4b-2742-55fe-6ed71bc67fdf" executionId="693750a1-b881-4ac5-9e48-f5eb3cf38dcf" testListId="8c84fa94-04c1-424b-9868-57a2d4851a1d" />
    <TestEntry testId="b8442ab2-64ed-2eed-a12f-f5e5d069c78c" executionId="46786e24-b475-42e2-a8ea-2c4ce11429a3" testListId="8c84fa94-04c1-424b-9868-57a2d4851a1d" />
    <TestEntry testId="c45b81b6-2679-7675-5083-89585994de9d" executionId="970752ef-e26e-4611-a581-a86ff7c6e357" testListId="8c84fa94-04c1-424b-9868-57a2d4851a1d" />
    <TestEntry testId="c99d32b0-3647-8020-20e0-20dc007a0a3d" executionId="43a32480-a4b4-4d3d-930c-25a5c4559ad0" testListId="8c84fa94-04c1-424b-9868-57a2d4851a1d" />
    <TestEntry testId="d5c306b1-ba41-3ceb-a229-57b2f161b761" executionId="a3e57c55-7a98-4063-900f-b10890faa2fd" testListId="8c84fa94-04c1-424b-9868-57a2d4851a1d" />
    <TestEntry testId="df1b4648-1710-c997-2724-7e108ca2e85b" executionId="54b33362-4fdd-44a0-a466-1599851c9f7b" testListId="8c84fa94-04c1-424b-9868-57a2d4851a1d" />
    <TestEntry testId="f2b0ebc9-92d7-aa3a-55b5-8f79c09df496" executionId="d4347bba-5a54-489a-a391-c916a059b1ce" testListId="8c84fa94-04c1-424b-9868-57a2d4851a1d" />
    <TestEntry testId="f2c43a54-11e4-ccba-49c8-4a3ee377f3a1" executionId="d67c55f1-aaeb-4ce5-afba-2ebf91c2632c" testListId="8c84fa94-04c1-424b-9868-57a2d4851a1d" />
  </TestEntries>
  <Results>
    <UnitTestResult executionId="1ad2c650-55a8-4c99-8aa4-c0e271079b04" testId="075434e3-e103-d829-5145-c369a2860765" testName="RollTest1d1" computerName="DANIAL-ASUS" duration="00:00:00.0681953" startTime="2015-02-10T22:12:46.0063685-06:00" endTime="2015-02-10T22:12:46.9830209-06:00" testType="13cdc9d9-ddb5-4fa4-a97d-d965ccfc6d4b" outcome="Passed" testListId="8c84fa94-04c1-424b-9868-57a2d4851a1d" relativeResultsDirectory="1ad2c650-55a8-4c99-8aa4-c0e271079b04">
    </UnitTestResult>
    <UnitTestResult executionId="99f6d36c-71f0-42aa-9006-8cbeff2a855c" testId="077ad45b-ab74-42ef-0b4b-0c2d5cd35adc" testName="NumDiceTest" computerName="DANIAL-ASUS" duration="00:00:00.0011419" startTime="2015-02-10T22:12:47.0080380-06:00" endTime="2015-02-10T22:12:47.0380574-06:00" testType="13cdc9d9-ddb5-4fa4-a97d-d965ccfc6d4b" outcome="Passed" testListId="8c84fa94-04c1-424b-9868-57a2d4851a1d" relativeResultsDirectory="99f6d36c-71f0-42aa-9006-8cbeff2a855c">
    </UnitTestResult>
    <UnitTestResult executionId="fa1e3be8-3c63-4d0a-ab36-4652008dbf9e" testId="07d35cc0-5f84-71b9-c09d-3470390d331a" testName="RollTest1d1Add1Mul3" computerName="DANIAL-ASUS" duration="00:00:00.0028182" startTime="2015-02-10T22:12:47.0560694-06:00" endTime="2015-02-10T22:12:47.0750824-06:00" testType="13cdc9d9-ddb5-4fa4-a97d-d965ccfc6d4b" outcome="Passed" testListId="8c84fa94-04c1-424b-9868-57a2d4851a1d" relativeResultsDirectory="fa1e3be8-3c63-4d0a-ab36-4652008dbf9e">
    </UnitTestResult>
    <UnitTestResult executionId="6aff4846-6afc-4244-87d9-4c53d950aedf" testId="10b46630-64c7-73ea-8b02-70979e2ebebb" testName="GetDiceTest" computerName="DANIAL-ASUS" duration="00:00:00.0016989" startTime="2015-02-10T22:12:47.0920941-06:00" endTime="2015-02-10T22:12:47.1091059-06:00" testType="13cdc9d9-ddb5-4fa4-a97d-d965ccfc6d4b" outcome="Passed" testListId="8c84fa94-04c1-424b-9868-57a2d4851a1d" relativeResultsDirectory="6aff4846-6afc-4244-87d9-4c53d950aedf">
    </UnitTestResult>
    <UnitTestResult executionId="3855bbc9-d986-446e-a1ec-9540d3c31475" testId="28b10db6-9da0-ace3-f091-40803b084a94" testName="AttackGT0" computerName="DANIAL-ASUS" duration="00:00:04.9106671" startTime="2015-02-10T22:12:47.1301195-06:00" endTime="2015-02-10T22:12:52.1039941-06:00" testType="13cdc9d9-ddb5-4fa4-a97d-d965ccfc6d4b" outcome="Passed" testListId="8c84fa94-04c1-424b-9868-57a2d4851a1d" relativeResultsDirectory="3855bbc9-d986-446e-a1ec-9540d3c31475">
    </UnitTestResult>
    <UnitTestResult executionId="78b73349-05da-42e7-b9a6-f03cfb6189e0" testId="2a5b5490-4429-18c0-4143-bd4b238e9f5a" testName="NumSidesTest" computerName="DANIAL-ASUS" duration="00:00:00.0008641" startTime="2015-02-10T22:12:52.2140943-06:00" endTime="2015-02-10T22:12:52.2696309-06:00" testType="13cdc9d9-ddb5-4fa4-a97d-d965ccfc6d4b" outcome="Passed" testListId="8c84fa94-04c1-424b-9868-57a2d4851a1d" relativeResultsDirectory="78b73349-05da-42e7-b9a6-f03cfb6189e0">
    </UnitTestResult>
    <UnitTestResult executionId="40af5efa-328a-4827-b312-b09f2b6d7140" testId="2b22852c-b229-a3df-f670-e43eef830035" testName="DiceConstructorTest1" computerName="DANIAL-ASUS" duration="00:00:00.0007088" startTime="2015-02-10T22:12:52.3241678-06:00" endTime="2015-02-10T22:12:52.3852082-06:00" testType="13cdc9d9-ddb5-4fa4-a97d-d965ccfc6d4b" outcome="Passed" testListId="8c84fa94-04c1-424b-9868-57a2d4851a1d" relativeResultsDirectory="40af5efa-328a-4827-b312-b09f2b6d7140">
    </UnitTestResult>
    <UnitTestResult executionId="144063d0-d632-4438-956b-7206f78f99d1" testId="3e5b43b0-f69e-6036-78d9-8b8fa5112ba9" testName="RollTest3d1Sub1d1" computerName="DANIAL-ASUS" duration="00:00:00.0008771" startTime="2015-02-10T22:12:52.4837739-06:00" endTime="2015-02-10T22:12:52.5067896-06:00" testType="13cdc9d9-ddb5-4fa4-a97d-d965ccfc6d4b" outcome="Passed" testListId="8c84fa94-04c1-424b-9868-57a2d4851a1d" relativeResultsDirectory="144063d0-d632-4438-956b-7206f78f99d1">
    </UnitTestResult>
    <UnitTestResult executionId="e4e78db2-8e3a-4c1a-a737-eea7fbb3ad19" testId="3e79dc15-bb28-70cc-2b9f-2bd4072d26d9" testName="DiceConstructorTest2" computerName="DANIAL-ASUS" duration="00:00:00.0005419" startTime="2015-02-10T22:12:52.5298047-06:00" endTime="2015-02-10T22:12:52.5658287-06:00" testType="13cdc9d9-ddb5-4fa4-a97d-d965ccfc6d4b" outcome="Passed" testListId="8c84fa94-04c1-424b-9868-57a2d4851a1d" relativeResultsDirectory="e4e78db2-8e3a-4c1a-a737-eea7fbb3ad19">
    </UnitTestResult>
    <UnitTestResult executionId="91605740-6eec-4926-b949-2f9295bc09e7" testId="594f7b09-c534-fbe8-9d4a-1cba099beed5" testName="RollTest1d1Mul3" computerName="DANIAL-ASUS" duration="00:00:00.0004071" startTime="2015-02-10T22:12:52.6023537-06:00" endTime="2015-02-10T22:12:52.6363757-06:00" testType="13cdc9d9-ddb5-4fa4-a97d-d965ccfc6d4b" outcome="Passed" testListId="8c84fa94-04c1-424b-9868-57a2d4851a1d" relativeResultsDirectory="91605740-6eec-4926-b949-2f9295bc09e7">
    </UnitTestResult>
    <UnitTestResult executionId="c217570f-10b2-4fc4-8522-918dc89ddbac" testId="707e507e-fd17-e1bf-275c-0ded5128e2a2" testName="RollTest" computerName="DANIAL-ASUS" duration="00:00:00.0015538" startTime="2015-02-10T22:12:52.6884111-06:00" endTime="2015-02-10T22:12:52.7184312-06:00" testType="13cdc9d9-ddb5-4fa4-a97d-d965ccfc6d4b" outcome="Passed" testListId="8c84fa94-04c1-424b-9868-57a2d4851a1d" relativeResultsDirectory="c217570f-10b2-4fc4-8522-918dc89ddbac">
    </UnitTestResult>
    <UnitTestResult executionId="6795adcc-3a0f-4ea8-9d58-692429c978b9" testId="749c9363-176f-3ec8-18aa-70765e5a0b66" testName="RollTest1d1Add1Sub1" computerName="DANIAL-ASUS" duration="00:00:00.0022558" startTime="2015-02-10T22:12:52.7569568-06:00" endTime="2015-02-10T22:12:52.7884780-06:00" testType="13cdc9d9-ddb5-4fa4-a97d-d965ccfc6d4b" outcome="Passed" testListId="8c84fa94-04c1-424b-9868-57a2d4851a1d" relativeResultsDirectory="6795adcc-3a0f-4ea8-9d58-692429c978b9">
    </UnitTestResult>
    <UnitTestResult executionId="64a0c8b5-fa4f-4342-bcd7-4be2acb00ba8" testId="903935d3-25d5-d930-ec68-93591a39bb1c" testName="RollTest" computerName="DANIAL-ASUS" duration="00:00:00.0006677" startTime="2015-02-10T22:12:52.8139952-06:00" endTime="2015-02-10T22:12:52.8580239-06:00" testType="13cdc9d9-ddb5-4fa4-a97d-d965ccfc6d4b" outcome="Passed" testListId="8c84fa94-04c1-424b-9868-57a2d4851a1d" relativeResultsDirectory="64a0c8b5-fa4f-4342-bcd7-4be2acb00ba8">
    </UnitTestResult>
    <UnitTestResult executionId="98a43a2c-7e26-4f7b-b30a-3ff00bb968ce" testId="9e704be5-1f61-cb23-4572-39595216ece1" testName="RollTest2" computerName="DANIAL-ASUS" duration="00:00:00.0006725" startTime="2015-02-10T22:12:52.8750356-06:00" endTime="2015-02-10T22:12:52.8950490-06:00" testType="13cdc9d9-ddb5-4fa4-a97d-d965ccfc6d4b" outcome="Passed" testListId="8c84fa94-04c1-424b-9868-57a2d4851a1d" relativeResultsDirectory="98a43a2c-7e26-4f7b-b30a-3ff00bb968ce">
    </UnitTestResult>
    <UnitTestResult executionId="8be12c18-1adc-42ba-bbe4-e0799eb22650" testId="9f743059-7240-8918-bfad-bd23f3903cee" testName="RollTest1" computerName="DANIAL-ASUS" duration="00:00:00.0003653" startTime="2015-02-10T22:12:52.9125609-06:00" endTime="2015-02-10T22:12:52.9285716-06:00" testType="13cdc9d9-ddb5-4fa4-a97d-d965ccfc6d4b" outcome="Passed" testListId="8c84fa94-04c1-424b-9868-57a2d4851a1d" relativeResultsDirectory="8be12c18-1adc-42ba-bbe4-e0799eb22650">
    </UnitTestResult>
    <UnitTestResult executionId="5d4d06a2-8916-415e-9261-78f8a1f793ac" testId="a39910d9-a185-216a-6496-802afb0d62c8" testName="RollTest2d1Mul3d1" computerName="DANIAL-ASUS" duration="00:00:00.0003797" startTime="2015-02-10T22:12:52.9425809-06:00" endTime="2015-02-10T22:12:52.9650951-06:00" testType="13cdc9d9-ddb5-4fa4-a97d-d965ccfc6d4b" outcome="Passed" testListId="8c84fa94-04c1-424b-9868-57a2d4851a1d" relativeResultsDirectory="5d4d06a2-8916-415e-9261-78f8a1f793ac">
    </UnitTestResult>
    <UnitTestResult executionId="31546ebf-4d62-4ff8-8057-c61d8ed0973c" testId="a505525e-a191-9607-2c92-81984158235f" testName="AttackTill0Health" computerName="DANIAL-ASUS" duration="00:03:03.4531787" startTime="2015-02-10T22:12:52.9831078-06:00" endTime="2015-02-10T22:15:56.4362865-06:00" testType="13cdc9d9-ddb5-4fa4-a97d-d965ccfc6d4b" outcome="Aborted" testListId="8c84fa94-04c1-424b-9868-57a2d4851a1d" relativeResultsDirectory="31546ebf-4d62-4ff8-8057-c61d8ed0973c">
    </UnitTestResult>
    <UnitTestResult executionId="205fa028-f9de-49cf-b673-bd0ebc52dd7e" testId="b10ebec1-2ac3-f1ca-ba26-6e1ad7d7075a" testName="RollTest1d1Sub1" computerName="DANIAL-ASUS" testType="13cdc9d9-ddb5-4fa4-a97d-d965ccfc6d4b" outcome="NotExecuted" testListId="8c84fa94-04c1-424b-9868-57a2d4851a1d" relativeResultsDirectory="205fa028-f9de-49cf-b673-bd0ebc52dd7e">
    </UnitTestResult>
    <UnitTestResult executionId="693750a1-b881-4ac5-9e48-f5eb3cf38dcf" testId="b1cc14e4-6e4b-2742-55fe-6ed71bc67fdf" testName="NumSidesTest" computerName="DANIAL-ASUS" testType="13cdc9d9-ddb5-4fa4-a97d-d965ccfc6d4b" outcome="NotExecuted" testListId="8c84fa94-04c1-424b-9868-57a2d4851a1d" relativeResultsDirectory="693750a1-b881-4ac5-9e48-f5eb3cf38dcf">
    </UnitTestResult>
    <UnitTestResult executionId="46786e24-b475-42e2-a8ea-2c4ce11429a3" testId="b8442ab2-64ed-2eed-a12f-f5e5d069c78c" testName="DiceConstructorTest" computerName="DANIAL-ASUS" testType="13cdc9d9-ddb5-4fa4-a97d-d965ccfc6d4b" outcome="NotExecuted" testListId="8c84fa94-04c1-424b-9868-57a2d4851a1d" relativeResultsDirectory="46786e24-b475-42e2-a8ea-2c4ce11429a3">
    </UnitTestResult>
    <UnitTestResult executionId="970752ef-e26e-4611-a581-a86ff7c6e357" testId="c45b81b6-2679-7675-5083-89585994de9d" testName="RollTest1d1Add1Add1" computerName="DANIAL-ASUS" testType="13cdc9d9-ddb5-4fa4-a97d-d965ccfc6d4b" outcome="NotExecuted" testListId="8c84fa94-04c1-424b-9868-57a2d4851a1d" relativeResultsDirectory="970752ef-e26e-4611-a581-a86ff7c6e357">
    </UnitTestResult>
    <UnitTestResult executionId="43a32480-a4b4-4d3d-930c-25a5c4559ad0" testId="c99d32b0-3647-8020-20e0-20dc007a0a3d" testName="DieConstructorTest1" computerName="DANIAL-ASUS" testType="13cdc9d9-ddb5-4fa4-a97d-d965ccfc6d4b" outcome="NotExecuted" testListId="8c84fa94-04c1-424b-9868-57a2d4851a1d" relativeResultsDirectory="43a32480-a4b4-4d3d-930c-25a5c4559ad0">
    </UnitTestResult>
    <UnitTestResult executionId="a3e57c55-7a98-4063-900f-b10890faa2fd" testId="d5c306b1-ba41-3ceb-a229-57b2f161b761" testName="RollTest1d1Add1" computerName="DANIAL-ASUS" testType="13cdc9d9-ddb5-4fa4-a97d-d965ccfc6d4b" outcome="NotExecuted" testListId="8c84fa94-04c1-424b-9868-57a2d4851a1d" relativeResultsDirectory="a3e57c55-7a98-4063-900f-b10890faa2fd">
    </UnitTestResult>
    <UnitTestResult executionId="54b33362-4fdd-44a0-a466-1599851c9f7b" testId="df1b4648-1710-c997-2724-7e108ca2e85b" testName="RollTest1d1Add3d1" computerName="DANIAL-ASUS" testType="13cdc9d9-ddb5-4fa4-a97d-d965ccfc6d4b" outcome="NotExecuted" testListId="8c84fa94-04c1-424b-9868-57a2d4851a1d" relativeResultsDirectory="54b33362-4fdd-44a0-a466-1599851c9f7b">
    </UnitTestResult>
    <UnitTestResult executionId="d4347bba-5a54-489a-a391-c916a059b1ce" testId="f2b0ebc9-92d7-aa3a-55b5-8f79c09df496" testName="DieConstructorTest" computerName="DANIAL-ASUS" testType="13cdc9d9-ddb5-4fa4-a97d-d965ccfc6d4b" outcome="NotExecuted" testListId="8c84fa94-04c1-424b-9868-57a2d4851a1d" relativeResultsDirectory="d4347bba-5a54-489a-a391-c916a059b1ce">
    </UnitTestResult>
    <UnitTestResult executionId="d67c55f1-aaeb-4ce5-afba-2ebf91c2632c" testId="f2c43a54-11e4-ccba-49c8-4a3ee377f3a1" testName="RollTest1d1Mul0" computerName="DANIAL-ASUS" testType="13cdc9d9-ddb5-4fa4-a97d-d965ccfc6d4b" outcome="NotExecuted" testListId="8c84fa94-04c1-424b-9868-57a2d4851a1d" relativeResultsDirectory="d67c55f1-aaeb-4ce5-afba-2ebf91c2632c">
    </UnitTestResult>
  </Results>
</TestRun>