<?xml version="1.0" encoding="UTF-8"?>
<TestRun id="55ef559d-6d4e-4bed-b477-cddaae5af187" name="Danial@DANIAL-ASUS 2014-06-30 14:07:38" runUser="DANIAL-ASUS\Danial" xmlns="http://microsoft.com/schemas/VisualStudio/TeamTest/2010">
  <TestSettings name="Local" id="f4099e50-5f7e-4d66-893f-f079ed6f6c67">
    <Description>These are default test settings for a local test run.</Description>
    <Deployment enabled="false" runDeploymentRoot="Danial_DANIAL-ASUS 2014-06-30 14_07_38">
      <DeploymentItem filename="C:\Users\Danial\Documents\GitHub\RPG\RPG\bin\Debug\RPG.dll" />
    </Deployment>
    <Execution>
      <TestTypeSpecific />
      <AgentRule name="Execution Agents">
      </AgentRule>
    </Execution>
  </TestSettings>
  <Times creation="2014-06-30T14:07:38.6217696-05:00" queuing="2014-06-30T14:07:38.6587947-05:00" start="2014-06-30T14:07:38.6838110-05:00" finish="2014-06-30T14:07:39.4703360-05:00" />
  <ResultSummary outcome="Failed">
    <Counters total="15" executed="15" passed="8" error="0" failed="5" timeout="0" aborted="0" inconclusive="2" passedButRunAborted="0" notRunnable="0" notExecuted="0" disconnected="0" warning="0" completed="0" inProgress="0" pending="0" />
  </ResultSummary>
  <TestDefinitions>
    <UnitTest name="DieConstructorTest1" storage="c:\users\danial\documents\github\rpg\rpgtest\bin\debug\rpgtest.dll" id="c99d32b0-3647-8020-20e0-20dc007a0a3d">
      <Execution id="a4848bf1-38ca-43fa-89c7-0a868029c7a2" />
      <TestMethod codeBase="C:/Users/Danial/Documents/GitHub/RPG/RPGTest/bin/Debug/RPGTest.DLL" adapterTypeName="Microsoft.VisualStudio.TestTools.TestTypes.Unit.UnitTestAdapter, Microsoft.VisualStudio.QualityTools.Tips.UnitTest.Adapter, Version=10.0.0.0, Culture=neutral, PublicKeyToken=b03f5f7f11d50a3a" className="RPGTest.DieTest, RPGTest, Version=1.0.0.0, Culture=neutral, PublicKeyToken=null" name="DieConstructorTest1" />
    </UnitTest>
    <UnitTest name="RollTest" storage="c:\users\danial\documents\github\rpg\rpgtest\bin\debug\rpgtest.dll" id="707e507e-fd17-e1bf-275c-0ded5128e2a2">
      <Execution id="1c6032b8-fd4f-48b7-aae5-e247c38faadd" />
      <TestMethod codeBase="C:/Users/Danial/Documents/GitHub/RPG/RPGTest/bin/Debug/RPGTest.DLL" adapterTypeName="Microsoft.VisualStudio.TestTools.TestTypes.Unit.UnitTestAdapter, Microsoft.VisualStudio.QualityTools.Tips.UnitTest.Adapter, Version=10.0.0.0, Culture=neutral, PublicKeyToken=b03f5f7f11d50a3a" className="RPGTest.DieTest, RPGTest, Version=1.0.0.0, Culture=neutral, PublicKeyToken=null" name="RollTest" />
    </UnitTest>
    <UnitTest name="NumSidesTest" storage="c:\users\danial\documents\github\rpg\rpgtest\bin\debug\rpgtest.dll" id="f3f8ffc8-003c-074d-44e6-5c097cb3d7bc">
      <Execution id="974354dc-3942-42ff-a46b-dca8a39d11c4" />
      <TestMethod codeBase="C:/Users/Danial/Documents/GitHub/RPG/RPGTest/bin/Debug/RPGTest.DLL" adapterTypeName="Microsoft.VisualStudio.TestTools.TestTypes.Unit.UnitTestAdapter, Microsoft.VisualStudio.QualityTools.Tips.UnitTest.Adapter, Version=10.0.0.0, Culture=neutral, PublicKeyToken=b03f5f7f11d50a3a" className="RPGTest.DiceTest, RPGTest, Version=1.0.0.0, Culture=neutral, PublicKeyToken=null" name="NumSidesTest" />
    </UnitTest>
    <UnitTest name="DieConstructorTest2" storage="c:\users\danial\documents\github\rpg\rpgtest\bin\debug\rpgtest.dll" id="7661689c-fe03-c204-4cfe-4afc2a83792a">
      <Execution id="e2df390e-6f03-4d4e-9509-5eb3b7390e6c" />
      <TestMethod codeBase="C:/Users/Danial/Documents/GitHub/RPG/RPGTest/bin/Debug/RPGTest.DLL" adapterTypeName="Microsoft.VisualStudio.TestTools.TestTypes.Unit.UnitTestAdapter, Microsoft.VisualStudio.QualityTools.Tips.UnitTest.Adapter, Version=10.0.0.0, Culture=neutral, PublicKeyToken=b03f5f7f11d50a3a" className="RPGTest.DieTest, RPGTest, Version=1.0.0.0, Culture=neutral, PublicKeyToken=null" name="DieConstructorTest2" />
    </UnitTest>
    <UnitTest name="DiceConstructorTest2" storage="c:\users\danial\documents\github\rpg\rpgtest\bin\debug\rpgtest.dll" id="e822823c-0d4e-eb0c-1ce0-ea3eceb72f5a">
      <DeploymentItems>
        <DeploymentItem filename="RPG.dll" />
      </DeploymentItems>
      <Execution id="67692981-858c-439b-8086-55e5104ca1ff" />
      <TestMethod codeBase="C:/Users/Danial/Documents/GitHub/RPG/RPGTest/bin/Debug/RPGTest.DLL" adapterTypeName="Microsoft.VisualStudio.TestTools.TestTypes.Unit.UnitTestAdapter, Microsoft.VisualStudio.QualityTools.Tips.UnitTest.Adapter, Version=10.0.0.0, Culture=neutral, PublicKeyToken=b03f5f7f11d50a3a" className="RPGTest.DiceTest, RPGTest, Version=1.0.0.0, Culture=neutral, PublicKeyToken=null" name="DiceConstructorTest2" />
    </UnitTest>
    <UnitTest name="GetDiceTest" storage="c:\users\danial\documents\github\rpg\rpgtest\bin\debug\rpgtest.dll" id="279a8e85-ddf8-7665-200f-f4f87a4989c9">
      <Execution id="f049c78c-bbcb-4aaa-b252-cfbfea386bd5" />
      <TestMethod codeBase="C:/Users/Danial/Documents/GitHub/RPG/RPGTest/bin/Debug/RPGTest.DLL" adapterTypeName="Microsoft.VisualStudio.TestTools.TestTypes.Unit.UnitTestAdapter, Microsoft.VisualStudio.QualityTools.Tips.UnitTest.Adapter, Version=10.0.0.0, Culture=neutral, PublicKeyToken=b03f5f7f11d50a3a" className="RPGTest.DiceTest, RPGTest, Version=1.0.0.0, Culture=neutral, PublicKeyToken=null" name="GetDiceTest" />
    </UnitTest>
    <UnitTest name="RollTest2" storage="c:\users\danial\documents\github\rpg\rpgtest\bin\debug\rpgtest.dll" id="a67aff4f-47d5-debc-6f01-50eccafb381c">
      <DeploymentItems>
        <DeploymentItem filename="RPG.dll" />
      </DeploymentItems>
      <Execution id="84cd2e27-a757-4b6c-819f-9ccfaa66ed77" />
      <TestMethod codeBase="C:/Users/Danial/Documents/GitHub/RPG/RPGTest/bin/Debug/RPGTest.DLL" adapterTypeName="Microsoft.VisualStudio.TestTools.TestTypes.Unit.UnitTestAdapter, Microsoft.VisualStudio.QualityTools.Tips.UnitTest.Adapter, Version=10.0.0.0, Culture=neutral, PublicKeyToken=b03f5f7f11d50a3a" className="RPGTest.DiceTest, RPGTest, Version=1.0.0.0, Culture=neutral, PublicKeyToken=null" name="RollTest2" />
    </UnitTest>
    <UnitTest name="DieConstructorTest3" storage="c:\users\danial\documents\github\rpg\rpgtest\bin\debug\rpgtest.dll" id="5e2f99bf-6173-f3d5-7908-a1ec35576af6">
      <Execution id="f71a5775-d336-405d-ae0f-83ea7440dc10" />
      <TestMethod codeBase="C:/Users/Danial/Documents/GitHub/RPG/RPGTest/bin/Debug/RPGTest.DLL" adapterTypeName="Microsoft.VisualStudio.TestTools.TestTypes.Unit.UnitTestAdapter, Microsoft.VisualStudio.QualityTools.Tips.UnitTest.Adapter, Version=10.0.0.0, Culture=neutral, PublicKeyToken=b03f5f7f11d50a3a" className="RPGTest.DieTest, RPGTest, Version=1.0.0.0, Culture=neutral, PublicKeyToken=null" name="DieConstructorTest3" />
    </UnitTest>
    <UnitTest name="DieConstructorTest" storage="c:\users\danial\documents\github\rpg\rpgtest\bin\debug\rpgtest.dll" id="f2b0ebc9-92d7-aa3a-55b5-8f79c09df496">
      <Execution id="256000d7-9220-41ed-9e0d-c13460c47e53" />
      <TestMethod codeBase="C:/Users/Danial/Documents/GitHub/RPG/RPGTest/bin/Debug/RPGTest.DLL" adapterTypeName="Microsoft.VisualStudio.TestTools.TestTypes.Unit.UnitTestAdapter, Microsoft.VisualStudio.QualityTools.Tips.UnitTest.Adapter, Version=10.0.0.0, Culture=neutral, PublicKeyToken=b03f5f7f11d50a3a" className="RPGTest.DieTest, RPGTest, Version=1.0.0.0, Culture=neutral, PublicKeyToken=null" name="DieConstructorTest" />
    </UnitTest>
    <UnitTest name="RollTest" storage="c:\users\danial\documents\github\rpg\rpgtest\bin\debug\rpgtest.dll" id="b5f319a9-9522-292d-c395-ab0eb954be76">
      <DeploymentItems>
        <DeploymentItem filename="RPG.dll" />
      </DeploymentItems>
      <Execution id="8dcb59b5-ab2d-45f1-b536-2928c343d818" />
      <TestMethod codeBase="C:/Users/Danial/Documents/GitHub/RPG/RPGTest/bin/Debug/RPGTest.DLL" adapterTypeName="Microsoft.VisualStudio.TestTools.TestTypes.Unit.UnitTestAdapter, Microsoft.VisualStudio.QualityTools.Tips.UnitTest.Adapter, Version=10.0.0.0, Culture=neutral, PublicKeyToken=b03f5f7f11d50a3a" className="RPGTest.DiceTest, RPGTest, Version=1.0.0.0, Culture=neutral, PublicKeyToken=null" name="RollTest" />
    </UnitTest>
    <UnitTest name="DiceConstructorTest" storage="c:\users\danial\documents\github\rpg\rpgtest\bin\debug\rpgtest.dll" id="91c5983c-c12f-13b1-8ea7-bada96465f14">
      <DeploymentItems>
        <DeploymentItem filename="RPG.dll" />
      </DeploymentItems>
      <Execution id="4f38eda9-dce1-4a45-b9a3-f67ff4e9baa0" />
      <TestMethod codeBase="C:/Users/Danial/Documents/GitHub/RPG/RPGTest/bin/Debug/RPGTest.DLL" adapterTypeName="Microsoft.VisualStudio.TestTools.TestTypes.Unit.UnitTestAdapter, Microsoft.VisualStudio.QualityTools.Tips.UnitTest.Adapter, Version=10.0.0.0, Culture=neutral, PublicKeyToken=b03f5f7f11d50a3a" className="RPGTest.DiceTest, RPGTest, Version=1.0.0.0, Culture=neutral, PublicKeyToken=null" name="DiceConstructorTest" />
    </UnitTest>
    <UnitTest name="RollTest1" storage="c:\users\danial\documents\github\rpg\rpgtest\bin\debug\rpgtest.dll" id="e6b71b74-9268-c550-444c-609334efcedc">
      <Execution id="6bb52fe2-e91d-44ed-944b-072952ef24e0" />
      <TestMethod codeBase="C:/Users/Danial/Documents/GitHub/RPG/RPGTest/bin/Debug/RPGTest.DLL" adapterTypeName="Microsoft.VisualStudio.TestTools.TestTypes.Unit.UnitTestAdapter, Microsoft.VisualStudio.QualityTools.Tips.UnitTest.Adapter, Version=10.0.0.0, Culture=neutral, PublicKeyToken=b03f5f7f11d50a3a" className="RPGTest.DieTest, RPGTest, Version=1.0.0.0, Culture=neutral, PublicKeyToken=null" name="RollTest1" />
    </UnitTest>
    <UnitTest name="NumSidesTest" storage="c:\users\danial\documents\github\rpg\rpgtest\bin\debug\rpgtest.dll" id="b1cc14e4-6e4b-2742-55fe-6ed71bc67fdf">
      <Execution id="ff72128c-5c19-46e3-a1b4-50a4f4517e82" />
      <TestMethod codeBase="C:/Users/Danial/Documents/GitHub/RPG/RPGTest/bin/Debug/RPGTest.DLL" adapterTypeName="Microsoft.VisualStudio.TestTools.TestTypes.Unit.UnitTestAdapter, Microsoft.VisualStudio.QualityTools.Tips.UnitTest.Adapter, Version=10.0.0.0, Culture=neutral, PublicKeyToken=b03f5f7f11d50a3a" className="RPGTest.DieTest, RPGTest, Version=1.0.0.0, Culture=neutral, PublicKeyToken=null" name="NumSidesTest" />
    </UnitTest>
    <UnitTest name="NumDiceTest" storage="c:\users\danial\documents\github\rpg\rpgtest\bin\debug\rpgtest.dll" id="e7206d31-a737-b5ed-efd9-5d8d311af7d4">
      <Execution id="7a3a4b4c-e00e-41d4-9bed-8d52c9e58c37" />
      <TestMethod codeBase="C:/Users/Danial/Documents/GitHub/RPG/RPGTest/bin/Debug/RPGTest.DLL" adapterTypeName="Microsoft.VisualStudio.TestTools.TestTypes.Unit.UnitTestAdapter, Microsoft.VisualStudio.QualityTools.Tips.UnitTest.Adapter, Version=10.0.0.0, Culture=neutral, PublicKeyToken=b03f5f7f11d50a3a" className="RPGTest.DiceTest, RPGTest, Version=1.0.0.0, Culture=neutral, PublicKeyToken=null" name="NumDiceTest" />
    </UnitTest>
    <UnitTest name="DiceConstructorTest1" storage="c:\users\danial\documents\github\rpg\rpgtest\bin\debug\rpgtest.dll" id="3f10c7b7-a313-9cdb-617b-f6b9bb94928e">
      <DeploymentItems>
        <DeploymentItem filename="RPG.dll" />
      </DeploymentItems>
      <Execution id="b6a8671e-1c70-48f6-a002-4d7179a7fc6c" />
      <TestMethod codeBase="C:/Users/Danial/Documents/GitHub/RPG/RPGTest/bin/Debug/RPGTest.DLL" adapterTypeName="Microsoft.VisualStudio.TestTools.TestTypes.Unit.UnitTestAdapter, Microsoft.VisualStudio.QualityTools.Tips.UnitTest.Adapter, Version=10.0.0.0, Culture=neutral, PublicKeyToken=b03f5f7f11d50a3a" className="RPGTest.DiceTest, RPGTest, Version=1.0.0.0, Culture=neutral, PublicKeyToken=null" name="DiceConstructorTest1" />
    </UnitTest>
  </TestDefinitions>
  <TestLists>
    <TestList name="Results Not in a List" id="8c84fa94-04c1-424b-9868-57a2d4851a1d" />
    <TestList name="All Loaded Results" id="19431567-8539-422a-85d7-44ee4e166bda" />
  </TestLists>
  <TestEntries>
    <TestEntry testId="279a8e85-ddf8-7665-200f-f4f87a4989c9" executionId="f049c78c-bbcb-4aaa-b252-cfbfea386bd5" testListId="8c84fa94-04c1-424b-9868-57a2d4851a1d" />
    <TestEntry testId="3f10c7b7-a313-9cdb-617b-f6b9bb94928e" executionId="b6a8671e-1c70-48f6-a002-4d7179a7fc6c" testListId="8c84fa94-04c1-424b-9868-57a2d4851a1d" />
    <TestEntry testId="5e2f99bf-6173-f3d5-7908-a1ec35576af6" executionId="f71a5775-d336-405d-ae0f-83ea7440dc10" testListId="8c84fa94-04c1-424b-9868-57a2d4851a1d" />
    <TestEntry testId="707e507e-fd17-e1bf-275c-0ded5128e2a2" executionId="1c6032b8-fd4f-48b7-aae5-e247c38faadd" testListId="8c84fa94-04c1-424b-9868-57a2d4851a1d" />
    <TestEntry testId="7661689c-fe03-c204-4cfe-4afc2a83792a" executionId="e2df390e-6f03-4d4e-9509-5eb3b7390e6c" testListId="8c84fa94-04c1-424b-9868-57a2d4851a1d" />
    <TestEntry testId="91c5983c-c12f-13b1-8ea7-bada96465f14" executionId="4f38eda9-dce1-4a45-b9a3-f67ff4e9baa0" testListId="8c84fa94-04c1-424b-9868-57a2d4851a1d" />
    <TestEntry testId="a67aff4f-47d5-debc-6f01-50eccafb381c" executionId="84cd2e27-a757-4b6c-819f-9ccfaa66ed77" testListId="8c84fa94-04c1-424b-9868-57a2d4851a1d" />
    <TestEntry testId="b1cc14e4-6e4b-2742-55fe-6ed71bc67fdf" executionId="ff72128c-5c19-46e3-a1b4-50a4f4517e82" testListId="8c84fa94-04c1-424b-9868-57a2d4851a1d" />
    <TestEntry testId="b5f319a9-9522-292d-c395-ab0eb954be76" executionId="8dcb59b5-ab2d-45f1-b536-2928c343d818" testListId="8c84fa94-04c1-424b-9868-57a2d4851a1d" />
    <TestEntry testId="c99d32b0-3647-8020-20e0-20dc007a0a3d" executionId="a4848bf1-38ca-43fa-89c7-0a868029c7a2" testListId="8c84fa94-04c1-424b-9868-57a2d4851a1d" />
    <TestEntry testId="e6b71b74-9268-c550-444c-609334efcedc" executionId="6bb52fe2-e91d-44ed-944b-072952ef24e0" testListId="8c84fa94-04c1-424b-9868-57a2d4851a1d" />
    <TestEntry testId="e7206d31-a737-b5ed-efd9-5d8d311af7d4" executionId="7a3a4b4c-e00e-41d4-9bed-8d52c9e58c37" testListId="8c84fa94-04c1-424b-9868-57a2d4851a1d" />
    <TestEntry testId="e822823c-0d4e-eb0c-1ce0-ea3eceb72f5a" executionId="67692981-858c-439b-8086-55e5104ca1ff" testListId="8c84fa94-04c1-424b-9868-57a2d4851a1d" />
    <TestEntry testId="f2b0ebc9-92d7-aa3a-55b5-8f79c09df496" executionId="256000d7-9220-41ed-9e0d-c13460c47e53" testListId="8c84fa94-04c1-424b-9868-57a2d4851a1d" />
    <TestEntry testId="f3f8ffc8-003c-074d-44e6-5c097cb3d7bc" executionId="974354dc-3942-42ff-a46b-dca8a39d11c4" testListId="8c84fa94-04c1-424b-9868-57a2d4851a1d" />
  </TestEntries>
  <Results>
    <UnitTestResult executionId="f049c78c-bbcb-4aaa-b252-cfbfea386bd5" testId="279a8e85-ddf8-7665-200f-f4f87a4989c9" testName="GetDiceTest" computerName="DANIAL-ASUS" duration="00:00:00.0851357" startTime="2014-06-30T14:07:38.6878143-05:00" endTime="2014-06-30T14:07:39.1351122-05:00" testType="13cdc9d9-ddb5-4fa4-a97d-d965ccfc6d4b" outcome="Failed" testListId="8c84fa94-04c1-424b-9868-57a2d4851a1d" relativeResultsDirectory="f049c78c-bbcb-4aaa-b252-cfbfea386bd5">
      <Output>
        <ErrorInfo>
          <Message>Assert.AreEqual failed. Expected:&lt;(null)&gt;. Actual:&lt;System.Collections.Generic.List`1[RPG.Die]&gt;. </Message>
          <StackTrace>   at RPGTest.DiceTest.GetDiceTest() in C:\Users\Danial\Documents\GitHub\RPG\RPGTest\DiceTest.cs:line 146
</StackTrace>
        </ErrorInfo>
      </Output>
    </UnitTestResult>
    <UnitTestResult executionId="b6a8671e-1c70-48f6-a002-4d7179a7fc6c" testId="3f10c7b7-a313-9cdb-617b-f6b9bb94928e" testName="DiceConstructorTest1" computerName="DANIAL-ASUS" duration="00:00:00.0039568" startTime="2014-06-30T14:07:39.1421172-05:00" endTime="2014-06-30T14:07:39.1581279-05:00" testType="13cdc9d9-ddb5-4fa4-a97d-d965ccfc6d4b" outcome="Passed" testListId="8c84fa94-04c1-424b-9868-57a2d4851a1d" relativeResultsDirectory="b6a8671e-1c70-48f6-a002-4d7179a7fc6c">
    </UnitTestResult>
    <UnitTestResult executionId="f71a5775-d336-405d-ae0f-83ea7440dc10" testId="5e2f99bf-6173-f3d5-7908-a1ec35576af6" testName="DieConstructorTest3" computerName="DANIAL-ASUS" duration="00:00:00.0048435" startTime="2014-06-30T14:07:39.1661325-05:00" endTime="2014-06-30T14:07:39.1811429-05:00" testType="13cdc9d9-ddb5-4fa4-a97d-d965ccfc6d4b" outcome="Inconclusive" testListId="8c84fa94-04c1-424b-9868-57a2d4851a1d" relativeResultsDirectory="f71a5775-d336-405d-ae0f-83ea7440dc10">
      <Output>
        <ErrorInfo>
          <Message>Assert.Inconclusive failed. TODO: Implement code to verify target</Message>
          <StackTrace>   at RPGTest.DieTest.DieConstructorTest3() in C:\Users\Danial\Documents\GitHub\RPG\RPGTest\DieTest.cs:line 119
</StackTrace>
        </ErrorInfo>
      </Output>
    </UnitTestResult>
    <UnitTestResult executionId="1c6032b8-fd4f-48b7-aae5-e247c38faadd" testId="707e507e-fd17-e1bf-275c-0ded5128e2a2" testName="RollTest" computerName="DANIAL-ASUS" duration="00:00:00.0047217" startTime="2014-06-30T14:07:39.1871462-05:00" endTime="2014-06-30T14:07:39.2011555-05:00" testType="13cdc9d9-ddb5-4fa4-a97d-d965ccfc6d4b" outcome="Passed" testListId="8c84fa94-04c1-424b-9868-57a2d4851a1d" relativeResultsDirectory="1c6032b8-fd4f-48b7-aae5-e247c38faadd">
    </UnitTestResult>
    <UnitTestResult executionId="e2df390e-6f03-4d4e-9509-5eb3b7390e6c" testId="7661689c-fe03-c204-4cfe-4afc2a83792a" testName="DieConstructorTest2" computerName="DANIAL-ASUS" duration="00:00:00.0041169" startTime="2014-06-30T14:07:39.2061592-05:00" endTime="2014-06-30T14:07:39.2251722-05:00" testType="13cdc9d9-ddb5-4fa4-a97d-d965ccfc6d4b" outcome="Inconclusive" testListId="8c84fa94-04c1-424b-9868-57a2d4851a1d" relativeResultsDirectory="e2df390e-6f03-4d4e-9509-5eb3b7390e6c">
      <Output>
        <ErrorInfo>
          <Message>Assert.Inconclusive failed. TODO: Implement code to verify target</Message>
          <StackTrace>   at RPGTest.DieTest.DieConstructorTest2() in C:\Users\Danial\Documents\GitHub\RPG\RPGTest\DieTest.cs:line 109
</StackTrace>
        </ErrorInfo>
      </Output>
    </UnitTestResult>
    <UnitTestResult executionId="4f38eda9-dce1-4a45-b9a3-f67ff4e9baa0" testId="91c5983c-c12f-13b1-8ea7-bada96465f14" testName="DiceConstructorTest" computerName="DANIAL-ASUS" duration="00:00:00.0023379" startTime="2014-06-30T14:07:39.2301766-05:00" endTime="2014-06-30T14:07:39.2501879-05:00" testType="13cdc9d9-ddb5-4fa4-a97d-d965ccfc6d4b" outcome="Passed" testListId="8c84fa94-04c1-424b-9868-57a2d4851a1d" relativeResultsDirectory="4f38eda9-dce1-4a45-b9a3-f67ff4e9baa0">
    </UnitTestResult>
    <UnitTestResult executionId="84cd2e27-a757-4b6c-819f-9ccfaa66ed77" testId="a67aff4f-47d5-debc-6f01-50eccafb381c" testName="RollTest2" computerName="DANIAL-ASUS" duration="00:00:00.0040047" startTime="2014-06-30T14:07:39.2561926-05:00" endTime="2014-06-30T14:07:39.2732043-05:00" testType="13cdc9d9-ddb5-4fa4-a97d-d965ccfc6d4b" outcome="Passed" testListId="8c84fa94-04c1-424b-9868-57a2d4851a1d" relativeResultsDirectory="84cd2e27-a757-4b6c-819f-9ccfaa66ed77">
    </UnitTestResult>
    <UnitTestResult executionId="ff72128c-5c19-46e3-a1b4-50a4f4517e82" testId="b1cc14e4-6e4b-2742-55fe-6ed71bc67fdf" testName="NumSidesTest" computerName="DANIAL-ASUS" duration="00:00:00.0063440" startTime="2014-06-30T14:07:39.2792089-05:00" endTime="2014-06-30T14:07:39.2952182-05:00" testType="13cdc9d9-ddb5-4fa4-a97d-d965ccfc6d4b" outcome="Failed" testListId="8c84fa94-04c1-424b-9868-57a2d4851a1d" relativeResultsDirectory="ff72128c-5c19-46e3-a1b4-50a4f4517e82">
      <Output>
        <ErrorInfo>
          <Message>Assert.AreEqual failed. Expected:&lt;0&gt;. Actual:&lt;20&gt;. </Message>
          <StackTrace>   at RPGTest.DieTest.NumSidesTest() in C:\Users\Danial\Documents\GitHub\RPG\RPGTest\DieTest.cs:line 132
</StackTrace>
        </ErrorInfo>
      </Output>
    </UnitTestResult>
    <UnitTestResult executionId="8dcb59b5-ab2d-45f1-b536-2928c343d818" testId="b5f319a9-9522-292d-c395-ab0eb954be76" testName="RollTest" computerName="DANIAL-ASUS" duration="00:00:00.0005213" startTime="2014-06-30T14:07:39.3002219-05:00" endTime="2014-06-30T14:07:39.3142313-05:00" testType="13cdc9d9-ddb5-4fa4-a97d-d965ccfc6d4b" outcome="Passed" testListId="8c84fa94-04c1-424b-9868-57a2d4851a1d" relativeResultsDirectory="8dcb59b5-ab2d-45f1-b536-2928c343d818">
    </UnitTestResult>
    <UnitTestResult executionId="a4848bf1-38ca-43fa-89c7-0a868029c7a2" testId="c99d32b0-3647-8020-20e0-20dc007a0a3d" testName="DieConstructorTest1" computerName="DANIAL-ASUS" duration="00:00:00.0036872" startTime="2014-06-30T14:07:39.3182346-05:00" endTime="2014-06-30T14:07:39.3332443-05:00" testType="13cdc9d9-ddb5-4fa4-a97d-d965ccfc6d4b" outcome="Passed" testListId="8c84fa94-04c1-424b-9868-57a2d4851a1d" relativeResultsDirectory="a4848bf1-38ca-43fa-89c7-0a868029c7a2">
    </UnitTestResult>
    <UnitTestResult executionId="6bb52fe2-e91d-44ed-944b-072952ef24e0" testId="e6b71b74-9268-c550-444c-609334efcedc" testName="RollTest1" computerName="DANIAL-ASUS" duration="00:00:00.0045404" startTime="2014-06-30T14:07:39.3362459-05:00" endTime="2014-06-30T14:07:39.3562600-05:00" testType="13cdc9d9-ddb5-4fa4-a97d-d965ccfc6d4b" outcome="Failed" testListId="8c84fa94-04c1-424b-9868-57a2d4851a1d" relativeResultsDirectory="6bb52fe2-e91d-44ed-944b-072952ef24e0">
      <Output>
        <ErrorInfo>
          <Message>Assert.AreEqual failed. Expected:&lt;0&gt;. Actual:&lt;15&gt;. </Message>
          <StackTrace>   at RPGTest.DieTest.RollTest1() in C:\Users\Danial\Documents\GitHub\RPG\RPGTest\DieTest.cs:line 146
</StackTrace>
        </ErrorInfo>
      </Output>
    </UnitTestResult>
    <UnitTestResult executionId="7a3a4b4c-e00e-41d4-9bed-8d52c9e58c37" testId="e7206d31-a737-b5ed-efd9-5d8d311af7d4" testName="NumDiceTest" computerName="DANIAL-ASUS" duration="00:00:00.0054751" startTime="2014-06-30T14:07:39.3622640-05:00" endTime="2014-06-30T14:07:39.3792736-05:00" testType="13cdc9d9-ddb5-4fa4-a97d-d965ccfc6d4b" outcome="Failed" testListId="8c84fa94-04c1-424b-9868-57a2d4851a1d" relativeResultsDirectory="7a3a4b4c-e00e-41d4-9bed-8d52c9e58c37">
      <Output>
        <ErrorInfo>
          <Message>Assert.AreEqual failed. Expected:&lt;0&gt;. Actual:&lt;1&gt;. </Message>
          <StackTrace>   at RPGTest.DiceTest.NumDiceTest() in C:\Users\Danial\Documents\GitHub\RPG\RPGTest\DiceTest.cs:line 160
</StackTrace>
        </ErrorInfo>
      </Output>
    </UnitTestResult>
    <UnitTestResult executionId="67692981-858c-439b-8086-55e5104ca1ff" testId="e822823c-0d4e-eb0c-1ce0-ea3eceb72f5a" testName="DiceConstructorTest2" computerName="DANIAL-ASUS" duration="00:00:00.0004399" startTime="2014-06-30T14:07:39.3812756-05:00" endTime="2014-06-30T14:07:39.4032903-05:00" testType="13cdc9d9-ddb5-4fa4-a97d-d965ccfc6d4b" outcome="Passed" testListId="8c84fa94-04c1-424b-9868-57a2d4851a1d" relativeResultsDirectory="67692981-858c-439b-8086-55e5104ca1ff">
    </UnitTestResult>
    <UnitTestResult executionId="256000d7-9220-41ed-9e0d-c13460c47e53" testId="f2b0ebc9-92d7-aa3a-55b5-8f79c09df496" testName="DieConstructorTest" computerName="DANIAL-ASUS" duration="00:00:00.0003332" startTime="2014-06-30T14:07:39.4072937-05:00" endTime="2014-06-30T14:07:39.4173003-05:00" testType="13cdc9d9-ddb5-4fa4-a97d-d965ccfc6d4b" outcome="Passed" testListId="8c84fa94-04c1-424b-9868-57a2d4851a1d" relativeResultsDirectory="256000d7-9220-41ed-9e0d-c13460c47e53">
    </UnitTestResult>
    <UnitTestResult executionId="974354dc-3942-42ff-a46b-dca8a39d11c4" testId="f3f8ffc8-003c-074d-44e6-5c097cb3d7bc" testName="NumSidesTest" computerName="DANIAL-ASUS" duration="00:00:00.0047470" startTime="2014-06-30T14:07:39.4223033-05:00" endTime="2014-06-30T14:07:39.4413170-05:00" testType="13cdc9d9-ddb5-4fa4-a97d-d965ccfc6d4b" outcome="Failed" testListId="8c84fa94-04c1-424b-9868-57a2d4851a1d" relativeResultsDirectory="974354dc-3942-42ff-a46b-dca8a39d11c4">
      <Output>
        <ErrorInfo>
          <Message>Assert.AreEqual failed. Expected:&lt;0&gt;. Actual:&lt;20&gt;. </Message>
          <StackTrace>   at RPGTest.DiceTest.NumSidesTest() in C:\Users\Danial\Documents\GitHub\RPG\RPGTest\DiceTest.cs:line 174
</StackTrace>
        </ErrorInfo>
      </Output>
    </UnitTestResult>
  </Results>
</TestRun>